Time resolution is 1 ps
Note: ============================================================
Time: 0 ps  Iteration: 0  Process: /tb_design_1_wrapper/stimulus  File: /home/ryanb/Documents/MINA/hw/custom_ip/bootloader_tb.vhd
Note: MINA MICROCONTROLLER BOOTLOADER TEST
Time: 0 ps  Iteration: 0  Process: /tb_design_1_wrapper/stimulus  File: /home/ryanb/Documents/MINA/hw/custom_ip/bootloader_tb.vhd
Note: ============================================================
Time: 0 ps  Iteration: 0  Process: /tb_design_1_wrapper/stimulus  File: /home/ryanb/Documents/MINA/hw/custom_ip/bootloader_tb.vhd
Note: System reset released; CPU remains held in reset
Time: 200 ns  Iteration: 0  Process: /tb_design_1_wrapper/stimulus  File: /home/ryanb/Documents/MINA/hw/custom_ip/bootloader_tb.vhd
Note: WRITE #1: address 0x00000000 <= 0x10000093
Time: 2200 ns  Iteration: 0  Process: /tb_design_1_wrapper/stimulus  File: /home/ryanb/Documents/MINA/hw/custom_ip/bootloader_tb.vhd
Note: WRITE #1: ACK received
Time: 1043866720 ps  Iteration: 0
Note: WRITE #2: address 0x00000004 <= 0x02A00113
Time: 1043866720 ps  Iteration: 0  Process: /tb_design_1_wrapper/stimulus  File: /home/ryanb/Documents/MINA/hw/custom_ip/bootloader_tb.vhd
Note: WRITE #2: ACK received
Time: 2085533440 ps  Iteration: 0
Note: WRITE #3: address 0x00000008 <= 0x0020A023
Time: 2085533440 ps  Iteration: 0  Process: /tb_design_1_wrapper/stimulus  File: /home/ryanb/Documents/MINA/hw/custom_ip/bootloader_tb.vhd
Note: WRITE #3: ACK received
Time: 3127200160 ps  Iteration: 0
Note: WRITE #4: address 0x0000000C <= 0x0000006F
Time: 3127200160 ps  Iteration: 0  Process: /tb_design_1_wrapper/stimulus  File: /home/ryanb/Documents/MINA/hw/custom_ip/bootloader_tb.vhd
Note: WRITE #4: ACK received
Time: 4168866880 ps  Iteration: 0
Note: ============================================================
Time: 4168866880 ps  Iteration: 0  Process: /tb_design_1_wrapper/stimulus  File: /home/ryanb/Documents/MINA/hw/custom_ip/bootloader_tb.vhd
Note: ALL BOOTLOADER WRITE PACKETS ACKNOWLEDGED
Time: 4168866880 ps  Iteration: 0  Process: /tb_design_1_wrapper/stimulus  File: /home/ryanb/Documents/MINA/hw/custom_ip/bootloader_tb.vhd
Note: Expected RAM contents:
Time: 4168866880 ps  Iteration: 0  Process: /tb_design_1_wrapper/stimulus  File: /home/ryanb/Documents/MINA/hw/custom_ip/bootloader_tb.vhd
Note:   0x00000000 = 0x10000093
Time: 4168866880 ps  Iteration: 0  Process: /tb_design_1_wrapper/stimulus  File: /home/ryanb/Documents/MINA/hw/custom_ip/bootloader_tb.vhd
Note:   0x00000004 = 0x02A00113
Time: 4168866880 ps  Iteration: 0  Process: /tb_design_1_wrapper/stimulus  File: /home/ryanb/Documents/MINA/hw/custom_ip/bootloader_tb.vhd
Note:   0x00000008 = 0x0020A023
Time: 4168866880 ps  Iteration: 0  Process: /tb_design_1_wrapper/stimulus  File: /home/ryanb/Documents/MINA/hw/custom_ip/bootloader_tb.vhd
Note:   0x0000000C = 0x0000006F
Time: 4168866880 ps  Iteration: 0  Process: /tb_design_1_wrapper/stimulus  File: /home/ryanb/Documents/MINA/hw/custom_ip/bootloader_tb.vhd
Note: CPU remains held in reset.
Time: 4168866880 ps  Iteration: 0  Process: /tb_design_1_wrapper/stimulus  File: /home/ryanb/Documents/MINA/hw/custom_ip/bootloader_tb.vhd
Note: Inspect RAM in the waveform before proceeding.
Time: 4168866880 ps  Iteration: 0  Process: /tb_design_1_wrapper/stimulus  File: /home/ryanb/Documents/MINA/hw/custom_ip/bootloader_tb.vhd
Note: ============================================================
Time: 4168866880 ps  Iteration: 0  Process: /tb_design_1_wrapper/stimulus  File: /home/ryanb/Documents/MINA/hw/custom_ip/bootloader_tb.vhd
Note: ============================================================
Time: 4178866880 ps  Iteration: 0  Process: /tb_design_1_wrapper/stimulus  File: /home/ryanb/Documents/MINA/hw/custom_ip/bootloader_tb.vhd
Note: BOOTLOADER LOAD COMPLETE
Time: 4178866880 ps  Iteration: 0  Process: /tb_design_1_wrapper/stimulus  File: /home/ryanb/Documents/MINA/hw/custom_ip/bootloader_tb.vhd
Note: Releasing CPU
Time: 4178866880 ps  Iteration: 0  Process: /tb_design_1_wrapper/stimulus  File: /home/ryanb/Documents/MINA/hw/custom_ip/bootloader_tb.vhd
Note: ============================================================
Time: 4178866880 ps  Iteration: 0  Process: /tb_design_1_wrapper/stimulus  File: /home/ryanb/Documents/MINA/hw/custom_ip/bootloader_tb.vhd
Note: CPU execution window complete
Time: 4189866880 ps  Iteration: 0  Process: /tb_design_1_wrapper/stimulus  File: /home/ryanb/Documents/MINA/hw/custom_ip/bootloader_tb.vhd
Note: Expected RAM[0x00000100] = 0x0000002A
Time: 4189866880 ps  Iteration: 0  Process: /tb_design_1_wrapper/stimulus  File: /home/ryanb/Documents/MINA/hw/custom_ip/bootloader_tb.vhd
Failure: CPU EXECUTION TEST COMPLETE
Time: 4190866880 ps  Iteration: 0  Process: /tb_design_1_wrapper/stimulus  File: /home/ryanb/Documents/MINA/hw/custom_ip/bootloader_tb.vhd
$finish called at time : 4190866880 ps : File "/home/ryanb/Documents/MINA/hw/custom_ip/bootloader_tb.vhd" Line 492
