INFO: [VRFC 10-163] Analyzing VHDL file "/home/ryanb/Documents/MINA/hw/custom_ip/plic.vhd" into library xil_defaultlib
INFO: [VRFC 10-3107] analyzing entity 'plic'
INFO: [VRFC 10-163] Analyzing VHDL file "/home/ryanb/Documents/MINA/hw/custom_ip/plic_axil.vhd" into library xil_defaultlib
INFO: [VRFC 10-3107] analyzing entity 'plic_axil_wrapper'
INFO: [VRFC 10-163] Analyzing VHDL file "/home/ryanb/Documents/MINA/hw/custom_ip/sysclock.vhd" into library xil_defaultlib
INFO: [VRFC 10-3107] analyzing entity 'axil_timer_64'
INFO: [VRFC 10-163] Analyzing VHDL file "/home/ryanb/Documents/MINA/hw/custom_ip/negation.vhd" into library xil_defaultlib
INFO: [VRFC 10-3107] analyzing entity 'negation'
INFO: [VRFC 10-163] Analyzing VHDL file "/home/ryanb/Documents/MINA/hw/custom_ip/uart_with_bootloader.vhd" into library xil_defaultlib
INFO: [VRFC 10-3107] analyzing entity 'uart_phy'
INFO: [VRFC 10-3107] analyzing entity 'axi_uart_bootloader'
INFO: [VRFC 10-163] Analyzing VHDL file "/home/ryanb/Documents/MINA/hw/custom_ip/basic_or.vhd" into library xil_defaultlib
INFO: [VRFC 10-3107] analyzing entity 'basic_or'
INFO: [VRFC 10-163] Analyzing VHDL file "/home/ryanb/Documents/MINA/hw/custom_ip/MINA_proj/MINA_proj.ip_user_files/bd/design_1/ip/design_1_axi_cdma_0_0/sim/design_1_axi_cdma_0_0.vhd" into library xil_defaultlib
INFO: [VRFC 10-3107] analyzing entity 'design_1_axi_cdma_0_0'
INFO: [VRFC 10-163] Analyzing VHDL file "/home/ryanb/Documents/MINA/hw/custom_ip/MINA_proj/MINA_proj.ip_user_files/bd/design_1/ip/design_1_smartconnect_0_0/bd_0/ip/ip_1/sim/bd_48ac_psr_aclk_0.vhd" into library xil_defaultlib
INFO: [VRFC 10-3107] analyzing entity 'bd_48ac_psr_aclk_0'
INFO: [VRFC 10-163] Analyzing VHDL file "/home/ryanb/Documents/MINA/hw/custom_ip/MINA_proj/MINA_proj.ip_user_files/bd/design_1/ip/design_1_axi_bram_ctrl_0_2/sim/design_1_axi_bram_ctrl_0_2.vhd" into library xil_defaultlib
INFO: [VRFC 10-3107] analyzing entity 'design_1_axi_bram_ctrl_0_2'
INFO: [VRFC 10-163] Analyzing VHDL file "/home/ryanb/Documents/MINA/hw/custom_ip/MINA_proj/MINA_proj.ip_user_files/bd/design_1/ip/design_1_axi_bram_ctrl_0_1/sim/design_1_axi_bram_ctrl_0_1.vhd" into library xil_defaultlib
INFO: [VRFC 10-3107] analyzing entity 'design_1_axi_bram_ctrl_0_1'
INFO: [VRFC 10-163] Analyzing VHDL file "/home/ryanb/Documents/MINA/hw/custom_ip/MINA_proj/MINA_proj.ip_user_files/bd/design_1/ip/design_1_smartconnect_1_0/bd_0/ip/ip_1/sim/bd_88fd_psr_aclk_0.vhd" into library xil_defaultlib
INFO: [VRFC 10-3107] analyzing entity 'bd_88fd_psr_aclk_0'
INFO: [VRFC 10-163] Analyzing VHDL file "/home/ryanb/Documents/MINA/hw/custom_ip/MINA_proj/MINA_proj.ip_user_files/bd/design_1/ip/design_1_axi_gpio_0_0/sim/design_1_axi_gpio_0_0.vhd" into library xil_defaultlib
INFO: [VRFC 10-3107] analyzing entity 'design_1_axi_gpio_0_0'
INFO: [VRFC 10-163] Analyzing VHDL file "/home/ryanb/Documents/MINA/hw/custom_ip/bootloader_tb.vhd" into library xil_defaultlib
INFO: [VRFC 10-3107] analyzing entity 'tb_design_1_wrapper'
