#-----------------------------------------------------------
# Vivado v2025.2 (64-bit)
# SW Build 6299465 on Fri Nov 14 12:34:56 MST 2025
# IP Build 6300035 on Fri Nov 14 10:48:45 MST 2025
# SharedData Build 6298862 on Thu Nov 13 04:50:51 MST 2025
# Start of session at: Sun Sep  6 23:13:25 2026
# Process ID         : 267254
# Current directory  : /home/ryanb/Documents/MINA/hw/custom_ip
# Command line       : vivado
# Log file           : /home/ryanb/Documents/MINA/hw/custom_ip/vivado.log
# Journal file       : /home/ryanb/Documents/MINA/hw/custom_ip/vivado.jou
# Running On         : ryan-21k8s14n00
# Platform           : EndeavourOS
# Operating System   : EndeavourOS Linux
# Processor Detail   : AMD Ryzen 7 PRO 7840U w/ Radeon 780M Graphics
# CPU Frequency      : 1100.334 MHz
# CPU Physical cores : 8
# CPU Logical cores  : 16
# Host memory        : 32211 MB
# Swap memory        : 0 MB
# Total Virtual      : 32211 MB
# Available Virtual  : 21719 MB
#-----------------------------------------------------------
start_gui
open_project /home/ryanb/Documents/MINA/hw/custom_ip/MINA_proj/MINA_proj.xpr
generate_target Simulation [get_files /home/ryanb/Documents/MINA/hw/custom_ip/MINA_proj/MINA_proj.srcs/sources_1/bd/design_1/design_1.bd]
export_ip_user_files -of_objects [get_files /home/ryanb/Documents/MINA/hw/custom_ip/MINA_proj/MINA_proj.srcs/sources_1/bd/design_1/design_1.bd] -no_script -sync -force -quiet
export_simulation -of_objects [get_files /home/ryanb/Documents/MINA/hw/custom_ip/MINA_proj/MINA_proj.srcs/sources_1/bd/design_1/design_1.bd] -directory /home/ryanb/Documents/MINA/hw/custom_ip/MINA_proj/MINA_proj.ip_user_files/sim_scripts -ip_user_files_dir /home/ryanb/Documents/MINA/hw/custom_ip/MINA_proj/MINA_proj.ip_user_files -ipstatic_source_dir /home/ryanb/Documents/MINA/hw/custom_ip/MINA_proj/MINA_proj.ip_user_files/ipstatic -lib_map_path [list {modelsim=/home/ryanb/Documents/MINA/hw/custom_ip/MINA_proj/MINA_proj.cache/compile_simlib/modelsim} {questa=/home/ryanb/Documents/MINA/hw/custom_ip/MINA_proj/MINA_proj.cache/compile_simlib/questa} {xcelium=/home/ryanb/Documents/MINA/hw/custom_ip/MINA_proj/MINA_proj.cache/compile_simlib/xcelium} {vcs=/home/ryanb/Documents/MINA/hw/custom_ip/MINA_proj/MINA_proj.cache/compile_simlib/vcs} {riviera=/home/ryanb/Documents/MINA/hw/custom_ip/MINA_proj/MINA_proj.cache/compile_simlib/riviera}] -use_ip_compiled_libs -force -quiet
launch_simulation -simset [get_filesets bootloader_tb ]
open_wave_config /home/ryanb/Documents/MINA/hw/custom_ip/MINA_proj/tb_design_1_wrapper_behav.wcfg
source tb_design_1_wrapper.tcl
update_compile_order -fileset sources_1
run all
open_bd_design {/home/ryanb/Documents/MINA/hw/custom_ip/MINA_proj/MINA_proj.srcs/sources_1/bd/design_1/design_1.bd}
close_bd_design [get_bd_designs design_1]
create_fileset -simset ram_block_tb
file mkdir /home/ryanb/Documents/MINA/hw/custom_ip/MINA_proj/MINA_proj.srcs/ram_block_tb/new
set_property SOURCE_SET sources_1 [get_filesets ram_block_tb]
close [ open /home/ryanb/Documents/MINA/hw/custom_ip/MINA_proj/MINA_proj.srcs/ram_block_tb/new/tb_design_1_wrapper.vhd w ]
add_files -fileset ram_block_tb /home/ryanb/Documents/MINA/hw/custom_ip/MINA_proj/MINA_proj.srcs/ram_block_tb/new/tb_design_1_wrapper.vhd
current_fileset -simset [ get_filesets ram_block_tb ]
update_compile_order -fileset ram_block_tb
# Disabling source management mode.  This is to allow the top design properties to be set without GUI intervention.
set_property source_mgmt_mode None [current_project]
set_property top tb_design_1_wrapper [get_filesets ram_block_tb]
set_property top_lib xil_defaultlib [get_filesets ram_block_tb]
# Re-enabling previously disabled source management mode.
set_property source_mgmt_mode All [current_project]
update_compile_order -fileset ram_block_tb
launch_simulation -simset [get_filesets ram_block_tb ]
source tb_design_1_wrapper.tcl
run all
relaunch_sim
current_sim simulation_1
close_sim
run all
close_sim
open_bd_design {/home/ryanb/Documents/MINA/hw/custom_ip/MINA_proj/MINA_proj.srcs/sources_1/bd/design_1/design_1.bd}
regenerate_bd_layout
startgroup
create_bd_cell -type ip -vlnv xilinx.com:ip:axi_quad_spi:3.2 peripherals/axi_quad_spi_0
endgroup
set_property location {3.5 1423 616} [get_bd_cells peripherals/axi_quad_spi_0]
connect_bd_intf_net [get_bd_intf_pins peripherals/axi_quad_spi_0/AXI_LITE] [get_bd_intf_pins peripherals/smartconnect_1/M05_AXI]
connect_bd_net [get_bd_pins peripherals/axi_clk] [get_bd_pins peripherals/axi_quad_spi_0/ext_spi_clk]
undo
connect_bd_net [get_bd_pins peripherals/axi_clk] [get_bd_pins peripherals/axi_quad_spi_0/s_axi_aclk]
connect_bd_net [get_bd_pins peripherals/axi_resetn] [get_bd_pins peripherals/axi_quad_spi_0/s_axi_aresetn]
startgroup
set_property CONFIG.C_USE_STARTUP {0} [get_bd_cells peripherals/axi_quad_spi_0]
endgroup
connect_bd_net [get_bd_pins peripherals/axi_clk] [get_bd_pins peripherals/axi_quad_spi_0/ext_spi_clk]
regenerate_bd_layout -hierarchy [get_bd_cells peripherals]
connect_bd_net [get_bd_pins peripherals/axi_quad_spi_0/ip2intc_irpt] [get_bd_pins peripherals/xlconcat_0/In3]
regenerate_bd_layout -hierarchy [get_bd_cells peripherals]
startgroup
make_bd_intf_pins_external  [get_bd_intf_pins peripherals/axi_gpio_0/GPIO]
endgroup
startgroup
make_bd_intf_pins_external  [get_bd_intf_pins peripherals/axi_quad_spi_0/SPI_0]
endgroup
save_bd_design
