
*** Running vivado
    with args -log design_1_plic_axil_wrapper_0_0.vds -m64 -product Vivado -mode batch -messageDb vivado.pb -notrace -source design_1_plic_axil_wrapper_0_0.tcl


****** Vivado v2025.2 (64-bit)
  **** SW Build 6299465 on Fri Nov 14 12:34:56 MST 2025
  **** IP Build 6300035 on Fri Nov 14 10:48:45 MST 2025
  **** SharedData Build 6298862 on Thu Nov 13 04:50:51 MST 2025
  **** Start of session at: Sun Sep  6 16:33:32 2026
    ** Copyright 1986-2022 Xilinx, Inc. All Rights Reserved.
    ** Copyright 2022-2025 Advanced Micro Devices, Inc. All Rights Reserved.

source design_1_plic_axil_wrapper_0_0.tcl -notrace
INFO: [IP_Flow 19-234] Refreshing IP repositories
INFO: [IP_Flow 19-1704] No user IP repositories specified
INFO: [IP_Flow 19-2313] Loaded Vivado IP repository '/opt/Xilinx/2025.2/data/ip'.
Command: synth_design -top design_1_plic_axil_wrapper_0_0 -part xc7s50csga324-1 -incremental_mode off -mode out_of_context
Starting synth_design
Attempting to get a license for feature 'Synthesis' and/or device 'xc7s50'
INFO: [Common 17-349] Got license for feature 'Synthesis' and/or device 'xc7s50'
INFO: [Device 21-403] Loading part xc7s50csga324-1
INFO: [Synth 8-7079] Multithreading enabled for synth_design using a maximum of 7 processes.
INFO: [Synth 8-7078] Launching helper process for spawning children vivado processes
INFO: [Synth 8-7075] Helper process launched with PID 177561
---------------------------------------------------------------------------------
Starting RTL Elaboration : Time (s): cpu = 00:00:05 ; elapsed = 00:00:05 . Memory (MB): peak = 2202.598 ; gain = 482.188 ; free physical = 1508 ; free virtual = 6451
---------------------------------------------------------------------------------
INFO: [Synth 8-6157] synthesizing module 'design_1_plic_axil_wrapper_0_0' [/home/ryanb/Documents/MINA/hw/custom_ip/MINA_proj/MINA_proj.gen/sources_1/bd/design_1/ip/design_1_plic_axil_wrapper_0_0/synth/design_1_plic_axil_wrapper_0_0.v:53]
INFO: [Synth 8-638] synthesizing module 'plic_axil_wrapper' [/home/ryanb/Documents/MINA/hw/custom_ip/plic_axil.vhd:49]
	Parameter C_S_AXI_DATA_WIDTH bound to: 32 - type: integer 
	Parameter C_S_AXI_ADDR_WIDTH bound to: 4 - type: integer 
	Parameter N_INTERRUPTS bound to: 8 - type: integer 
	Parameter N_INTERRUPTS bound to: 8 - type: integer 
INFO: [Synth 8-3491] module 'plic' declared at '/home/ryanb/Documents/MINA/hw/custom_ip/plic.vhd:4' bound to instance 'U_PLIC' of component 'plic' [/home/ryanb/Documents/MINA/hw/custom_ip/plic_axil.vhd:105]
INFO: [Synth 8-638] synthesizing module 'plic' [/home/ryanb/Documents/MINA/hw/custom_ip/plic.vhd:21]
	Parameter N_INTERRUPTS bound to: 8 - type: integer 
INFO: [Synth 8-256] done synthesizing module 'plic' (0#1) [/home/ryanb/Documents/MINA/hw/custom_ip/plic.vhd:21]
INFO: [Synth 8-256] done synthesizing module 'plic_axil_wrapper' (0#1) [/home/ryanb/Documents/MINA/hw/custom_ip/plic_axil.vhd:49]
INFO: [Synth 8-6155] done synthesizing module 'design_1_plic_axil_wrapper_0_0' (0#1) [/home/ryanb/Documents/MINA/hw/custom_ip/MINA_proj/MINA_proj.gen/sources_1/bd/design_1/ip/design_1_plic_axil_wrapper_0_0/synth/design_1_plic_axil_wrapper_0_0.v:53]
INFO: [Synth 8-7129] Port S_AXI_AWADDR[1] in module plic_axil_wrapper is either unconnected or has no load
INFO: [Synth 8-7129] Port S_AXI_AWADDR[0] in module plic_axil_wrapper is either unconnected or has no load
INFO: [Synth 8-7129] Port S_AXI_AWPROT[2] in module plic_axil_wrapper is either unconnected or has no load
INFO: [Synth 8-7129] Port S_AXI_AWPROT[1] in module plic_axil_wrapper is either unconnected or has no load
INFO: [Synth 8-7129] Port S_AXI_AWPROT[0] in module plic_axil_wrapper is either unconnected or has no load
INFO: [Synth 8-7129] Port S_AXI_WDATA[31] in module plic_axil_wrapper is either unconnected or has no load
INFO: [Synth 8-7129] Port S_AXI_WDATA[30] in module plic_axil_wrapper is either unconnected or has no load
INFO: [Synth 8-7129] Port S_AXI_WDATA[29] in module plic_axil_wrapper is either unconnected or has no load
INFO: [Synth 8-7129] Port S_AXI_WDATA[28] in module plic_axil_wrapper is either unconnected or has no load
INFO: [Synth 8-7129] Port S_AXI_WDATA[27] in module plic_axil_wrapper is either unconnected or has no load
INFO: [Synth 8-7129] Port S_AXI_WDATA[26] in module plic_axil_wrapper is either unconnected or has no load
INFO: [Synth 8-7129] Port S_AXI_WDATA[25] in module plic_axil_wrapper is either unconnected or has no load
INFO: [Synth 8-7129] Port S_AXI_WDATA[24] in module plic_axil_wrapper is either unconnected or has no load
INFO: [Synth 8-7129] Port S_AXI_WDATA[23] in module plic_axil_wrapper is either unconnected or has no load
INFO: [Synth 8-7129] Port S_AXI_WDATA[22] in module plic_axil_wrapper is either unconnected or has no load
INFO: [Synth 8-7129] Port S_AXI_WDATA[21] in module plic_axil_wrapper is either unconnected or has no load
INFO: [Synth 8-7129] Port S_AXI_WDATA[20] in module plic_axil_wrapper is either unconnected or has no load
INFO: [Synth 8-7129] Port S_AXI_WDATA[19] in module plic_axil_wrapper is either unconnected or has no load
INFO: [Synth 8-7129] Port S_AXI_WDATA[18] in module plic_axil_wrapper is either unconnected or has no load
INFO: [Synth 8-7129] Port S_AXI_WDATA[17] in module plic_axil_wrapper is either unconnected or has no load
INFO: [Synth 8-7129] Port S_AXI_WDATA[16] in module plic_axil_wrapper is either unconnected or has no load
INFO: [Synth 8-7129] Port S_AXI_WDATA[15] in module plic_axil_wrapper is either unconnected or has no load
INFO: [Synth 8-7129] Port S_AXI_WDATA[14] in module plic_axil_wrapper is either unconnected or has no load
INFO: [Synth 8-7129] Port S_AXI_WDATA[13] in module plic_axil_wrapper is either unconnected or has no load
INFO: [Synth 8-7129] Port S_AXI_WDATA[12] in module plic_axil_wrapper is either unconnected or has no load
INFO: [Synth 8-7129] Port S_AXI_WDATA[11] in module plic_axil_wrapper is either unconnected or has no load
INFO: [Synth 8-7129] Port S_AXI_WDATA[10] in module plic_axil_wrapper is either unconnected or has no load
INFO: [Synth 8-7129] Port S_AXI_WDATA[9] in module plic_axil_wrapper is either unconnected or has no load
INFO: [Synth 8-7129] Port S_AXI_WDATA[8] in module plic_axil_wrapper is either unconnected or has no load
INFO: [Synth 8-7129] Port S_AXI_WSTRB[3] in module plic_axil_wrapper is either unconnected or has no load
INFO: [Synth 8-7129] Port S_AXI_WSTRB[2] in module plic_axil_wrapper is either unconnected or has no load
INFO: [Synth 8-7129] Port S_AXI_WSTRB[1] in module plic_axil_wrapper is either unconnected or has no load
INFO: [Synth 8-7129] Port S_AXI_WSTRB[0] in module plic_axil_wrapper is either unconnected or has no load
INFO: [Synth 8-7129] Port S_AXI_ARADDR[1] in module plic_axil_wrapper is either unconnected or has no load
INFO: [Synth 8-7129] Port S_AXI_ARADDR[0] in module plic_axil_wrapper is either unconnected or has no load
INFO: [Synth 8-7129] Port S_AXI_ARPROT[2] in module plic_axil_wrapper is either unconnected or has no load
INFO: [Synth 8-7129] Port S_AXI_ARPROT[1] in module plic_axil_wrapper is either unconnected or has no load
INFO: [Synth 8-7129] Port S_AXI_ARPROT[0] in module plic_axil_wrapper is either unconnected or has no load
---------------------------------------------------------------------------------
Finished RTL Elaboration : Time (s): cpu = 00:00:07 ; elapsed = 00:00:07 . Memory (MB): peak = 2293.566 ; gain = 573.156 ; free physical = 2472 ; free virtual = 7418
---------------------------------------------------------------------------------
---------------------------------------------------------------------------------
Start Handling Custom Attributes
---------------------------------------------------------------------------------
---------------------------------------------------------------------------------
Finished Handling Custom Attributes : Time (s): cpu = 00:00:07 ; elapsed = 00:00:07 . Memory (MB): peak = 2313.441 ; gain = 593.031 ; free physical = 2455 ; free virtual = 7402
---------------------------------------------------------------------------------
---------------------------------------------------------------------------------
Finished RTL Optimization Phase 1 : Time (s): cpu = 00:00:07 ; elapsed = 00:00:07 . Memory (MB): peak = 2313.441 ; gain = 593.031 ; free physical = 2455 ; free virtual = 7402
---------------------------------------------------------------------------------
Netlist sorting complete. Time (s): cpu = 00:00:00 ; elapsed = 00:00:00.01 . Memory (MB): peak = 2313.441 ; gain = 0.000 ; free physical = 2444 ; free virtual = 7392
INFO: [Project 1-570] Preparing netlist for logic optimization

Processing XDC Constraints
Initializing timing engine
Completed Processing XDC Constraints

Netlist sorting complete. Time (s): cpu = 00:00:00 ; elapsed = 00:00:00 . Memory (MB): peak = 2413.906 ; gain = 0.000 ; free physical = 1976 ; free virtual = 6923
INFO: [Project 1-111] Unisim Transformation Summary:
No Unisim elements were transformed.

Constraint Validation Runtime : Time (s): cpu = 00:00:00.01 ; elapsed = 00:00:00.01 . Memory (MB): peak = 2413.941 ; gain = 0.000 ; free physical = 1946 ; free virtual = 6892
INFO: [Designutils 20-5008] Incremental synthesis strategy off
---------------------------------------------------------------------------------
Finished Constraint Validation : Time (s): cpu = 00:00:14 ; elapsed = 00:00:15 . Memory (MB): peak = 2413.941 ; gain = 693.531 ; free physical = 2766 ; free virtual = 7722
---------------------------------------------------------------------------------
---------------------------------------------------------------------------------
Start Loading Part and Timing Information
---------------------------------------------------------------------------------
Loading part: xc7s50csga324-1
---------------------------------------------------------------------------------
Finished Loading Part and Timing Information : Time (s): cpu = 00:00:14 ; elapsed = 00:00:15 . Memory (MB): peak = 2421.910 ; gain = 701.500 ; free physical = 2757 ; free virtual = 7713
---------------------------------------------------------------------------------
---------------------------------------------------------------------------------
Start Applying 'set_property' XDC Constraints
---------------------------------------------------------------------------------
---------------------------------------------------------------------------------
Finished applying 'set_property' XDC Constraints : Time (s): cpu = 00:00:14 ; elapsed = 00:00:15 . Memory (MB): peak = 2421.910 ; gain = 701.500 ; free physical = 2748 ; free virtual = 7703
---------------------------------------------------------------------------------
---------------------------------------------------------------------------------
Finished RTL Optimization Phase 2 : Time (s): cpu = 00:00:15 ; elapsed = 00:00:15 . Memory (MB): peak = 2421.910 ; gain = 701.500 ; free physical = 2496 ; free virtual = 7450
---------------------------------------------------------------------------------
No constraint files found.
---------------------------------------------------------------------------------
Start RTL Component Statistics 
---------------------------------------------------------------------------------
Detailed RTL Component Info : 
+---Registers : 
	               32 Bit    Registers := 1     
	                8 Bit    Registers := 3     
	                2 Bit    Registers := 2     
	                1 Bit    Registers := 5     
+---Muxes : 
	   2 Input   32 Bit        Muxes := 2     
	   3 Input    8 Bit        Muxes := 1     
	   2 Input    1 Bit        Muxes := 3     
	   3 Input    1 Bit        Muxes := 1     
---------------------------------------------------------------------------------
Finished RTL Component Statistics 
---------------------------------------------------------------------------------
---------------------------------------------------------------------------------
Start Part Resource Summary
---------------------------------------------------------------------------------
Part Resources:
DSPs: 120 (col length:60)
BRAMs: 150 (col length: RAMB18 60 RAMB36 30)
---------------------------------------------------------------------------------
Finished Part Resource Summary
---------------------------------------------------------------------------------
No constraint files found.
---------------------------------------------------------------------------------
Start Cross Boundary and Area Optimization
---------------------------------------------------------------------------------
INFO: [Synth 8-7129] Port S_AXI_AWADDR[1] in module design_1_plic_axil_wrapper_0_0 is either unconnected or has no load
INFO: [Synth 8-7129] Port S_AXI_AWADDR[0] in module design_1_plic_axil_wrapper_0_0 is either unconnected or has no load
INFO: [Synth 8-7129] Port S_AXI_AWPROT[2] in module design_1_plic_axil_wrapper_0_0 is either unconnected or has no load
INFO: [Synth 8-7129] Port S_AXI_AWPROT[1] in module design_1_plic_axil_wrapper_0_0 is either unconnected or has no load
INFO: [Synth 8-7129] Port S_AXI_AWPROT[0] in module design_1_plic_axil_wrapper_0_0 is either unconnected or has no load
INFO: [Synth 8-7129] Port S_AXI_WDATA[31] in module design_1_plic_axil_wrapper_0_0 is either unconnected or has no load
INFO: [Synth 8-7129] Port S_AXI_WDATA[30] in module design_1_plic_axil_wrapper_0_0 is either unconnected or has no load
INFO: [Synth 8-7129] Port S_AXI_WDATA[29] in module design_1_plic_axil_wrapper_0_0 is either unconnected or has no load
INFO: [Synth 8-7129] Port S_AXI_WDATA[28] in module design_1_plic_axil_wrapper_0_0 is either unconnected or has no load
INFO: [Synth 8-7129] Port S_AXI_WDATA[27] in module design_1_plic_axil_wrapper_0_0 is either unconnected or has no load
INFO: [Synth 8-7129] Port S_AXI_WDATA[26] in module design_1_plic_axil_wrapper_0_0 is either unconnected or has no load
INFO: [Synth 8-7129] Port S_AXI_WDATA[25] in module design_1_plic_axil_wrapper_0_0 is either unconnected or has no load
INFO: [Synth 8-7129] Port S_AXI_WDATA[24] in module design_1_plic_axil_wrapper_0_0 is either unconnected or has no load
INFO: [Synth 8-7129] Port S_AXI_WDATA[23] in module design_1_plic_axil_wrapper_0_0 is either unconnected or has no load
INFO: [Synth 8-7129] Port S_AXI_WDATA[22] in module design_1_plic_axil_wrapper_0_0 is either unconnected or has no load
INFO: [Synth 8-7129] Port S_AXI_WDATA[21] in module design_1_plic_axil_wrapper_0_0 is either unconnected or has no load
INFO: [Synth 8-7129] Port S_AXI_WDATA[20] in module design_1_plic_axil_wrapper_0_0 is either unconnected or has no load
INFO: [Synth 8-7129] Port S_AXI_WDATA[19] in module design_1_plic_axil_wrapper_0_0 is either unconnected or has no load
INFO: [Synth 8-7129] Port S_AXI_WDATA[18] in module design_1_plic_axil_wrapper_0_0 is either unconnected or has no load
INFO: [Synth 8-7129] Port S_AXI_WDATA[17] in module design_1_plic_axil_wrapper_0_0 is either unconnected or has no load
INFO: [Synth 8-7129] Port S_AXI_WDATA[16] in module design_1_plic_axil_wrapper_0_0 is either unconnected or has no load
INFO: [Synth 8-7129] Port S_AXI_WDATA[15] in module design_1_plic_axil_wrapper_0_0 is either unconnected or has no load
INFO: [Synth 8-7129] Port S_AXI_WDATA[14] in module design_1_plic_axil_wrapper_0_0 is either unconnected or has no load
INFO: [Synth 8-7129] Port S_AXI_WDATA[13] in module design_1_plic_axil_wrapper_0_0 is either unconnected or has no load
INFO: [Synth 8-7129] Port S_AXI_WDATA[12] in module design_1_plic_axil_wrapper_0_0 is either unconnected or has no load
INFO: [Synth 8-7129] Port S_AXI_WDATA[11] in module design_1_plic_axil_wrapper_0_0 is either unconnected or has no load
INFO: [Synth 8-7129] Port S_AXI_WDATA[10] in module design_1_plic_axil_wrapper_0_0 is either unconnected or has no load
INFO: [Synth 8-7129] Port S_AXI_WDATA[9] in module design_1_plic_axil_wrapper_0_0 is either unconnected or has no load
INFO: [Synth 8-7129] Port S_AXI_WDATA[8] in module design_1_plic_axil_wrapper_0_0 is either unconnected or has no load
INFO: [Synth 8-7129] Port S_AXI_WSTRB[3] in module design_1_plic_axil_wrapper_0_0 is either unconnected or has no load
INFO: [Synth 8-7129] Port S_AXI_WSTRB[2] in module design_1_plic_axil_wrapper_0_0 is either unconnected or has no load
INFO: [Synth 8-7129] Port S_AXI_WSTRB[1] in module design_1_plic_axil_wrapper_0_0 is either unconnected or has no load
INFO: [Synth 8-7129] Port S_AXI_WSTRB[0] in module design_1_plic_axil_wrapper_0_0 is either unconnected or has no load
INFO: [Synth 8-7129] Port S_AXI_ARADDR[1] in module design_1_plic_axil_wrapper_0_0 is either unconnected or has no load
INFO: [Synth 8-7129] Port S_AXI_ARADDR[0] in module design_1_plic_axil_wrapper_0_0 is either unconnected or has no load
INFO: [Synth 8-7129] Port S_AXI_ARPROT[2] in module design_1_plic_axil_wrapper_0_0 is either unconnected or has no load
INFO: [Synth 8-7129] Port S_AXI_ARPROT[1] in module design_1_plic_axil_wrapper_0_0 is either unconnected or has no load
INFO: [Synth 8-7129] Port S_AXI_ARPROT[0] in module design_1_plic_axil_wrapper_0_0 is either unconnected or has no load
---------------------------------------------------------------------------------
Finished Cross Boundary and Area Optimization : Time (s): cpu = 00:00:16 ; elapsed = 00:00:17 . Memory (MB): peak = 2421.910 ; gain = 701.500 ; free physical = 2000 ; free virtual = 6955
---------------------------------------------------------------------------------
No constraint files found.
---------------------------------------------------------------------------------
Start Timing Optimization
---------------------------------------------------------------------------------
---------------------------------------------------------------------------------
Finished Timing Optimization : Time (s): cpu = 00:00:16 ; elapsed = 00:00:17 . Memory (MB): peak = 2421.910 ; gain = 701.500 ; free physical = 2000 ; free virtual = 6955
---------------------------------------------------------------------------------
---------------------------------------------------------------------------------
Start Technology Mapping
---------------------------------------------------------------------------------
---------------------------------------------------------------------------------
Finished Technology Mapping : Time (s): cpu = 00:00:16 ; elapsed = 00:00:17 . Memory (MB): peak = 2421.910 ; gain = 701.500 ; free physical = 2000 ; free virtual = 6955
---------------------------------------------------------------------------------
---------------------------------------------------------------------------------
Start IO Insertion
---------------------------------------------------------------------------------
---------------------------------------------------------------------------------
Start Flattening Before IO Insertion
---------------------------------------------------------------------------------
---------------------------------------------------------------------------------
Finished Flattening Before IO Insertion
---------------------------------------------------------------------------------
---------------------------------------------------------------------------------
Start Final Netlist Cleanup
---------------------------------------------------------------------------------
---------------------------------------------------------------------------------
Finished Final Netlist Cleanup
---------------------------------------------------------------------------------
---------------------------------------------------------------------------------
Finished IO Insertion : Time (s): cpu = 00:00:20 ; elapsed = 00:00:21 . Memory (MB): peak = 2513.723 ; gain = 793.312 ; free physical = 857 ; free virtual = 5844
---------------------------------------------------------------------------------
---------------------------------------------------------------------------------
Start Renaming Generated Instances
---------------------------------------------------------------------------------
---------------------------------------------------------------------------------
Finished Renaming Generated Instances : Time (s): cpu = 00:00:20 ; elapsed = 00:00:21 . Memory (MB): peak = 2513.723 ; gain = 793.312 ; free physical = 857 ; free virtual = 5844
---------------------------------------------------------------------------------
---------------------------------------------------------------------------------
Start Rebuilding User Hierarchy
---------------------------------------------------------------------------------
---------------------------------------------------------------------------------
Finished Rebuilding User Hierarchy : Time (s): cpu = 00:00:20 ; elapsed = 00:00:21 . Memory (MB): peak = 2513.723 ; gain = 793.312 ; free physical = 857 ; free virtual = 5844
---------------------------------------------------------------------------------
---------------------------------------------------------------------------------
Start Renaming Generated Ports
---------------------------------------------------------------------------------
---------------------------------------------------------------------------------
Finished Renaming Generated Ports : Time (s): cpu = 00:00:20 ; elapsed = 00:00:21 . Memory (MB): peak = 2513.723 ; gain = 793.312 ; free physical = 857 ; free virtual = 5844
---------------------------------------------------------------------------------
---------------------------------------------------------------------------------
Start Handling Custom Attributes
---------------------------------------------------------------------------------
---------------------------------------------------------------------------------
Finished Handling Custom Attributes : Time (s): cpu = 00:00:20 ; elapsed = 00:00:21 . Memory (MB): peak = 2513.723 ; gain = 793.312 ; free physical = 857 ; free virtual = 5844
---------------------------------------------------------------------------------
---------------------------------------------------------------------------------
Start Renaming Generated Nets
---------------------------------------------------------------------------------
---------------------------------------------------------------------------------
Finished Renaming Generated Nets : Time (s): cpu = 00:00:20 ; elapsed = 00:00:21 . Memory (MB): peak = 2513.723 ; gain = 793.312 ; free physical = 857 ; free virtual = 5844
---------------------------------------------------------------------------------
---------------------------------------------------------------------------------
Start Writing Synthesis Report
---------------------------------------------------------------------------------

Report BlackBoxes: 
+-+--------------+----------+
| |BlackBox name |Instances |
+-+--------------+----------+
+-+--------------+----------+

Report Cell Usage: 
+------+-----+------+
|      |Cell |Count |
+------+-----+------+
|1     |LUT1 |     1|
|2     |LUT2 |     1|
|3     |LUT3 |    11|
|4     |LUT4 |    18|
|5     |LUT5 |     2|
|6     |LUT6 |     2|
|7     |FDRE |    37|
+------+-----+------+
---------------------------------------------------------------------------------
Finished Writing Synthesis Report : Time (s): cpu = 00:00:20 ; elapsed = 00:00:21 . Memory (MB): peak = 2513.723 ; gain = 793.312 ; free physical = 857 ; free virtual = 5844
---------------------------------------------------------------------------------
Synthesis finished with 0 errors, 0 critical warnings and 0 warnings.
Synthesis Optimization Runtime : Time (s): cpu = 00:00:19 ; elapsed = 00:00:20 . Memory (MB): peak = 2513.723 ; gain = 692.812 ; free physical = 847 ; free virtual = 5834
Synthesis Optimization Complete : Time (s): cpu = 00:00:20 ; elapsed = 00:00:21 . Memory (MB): peak = 2513.730 ; gain = 793.312 ; free physical = 847 ; free virtual = 5834
INFO: [Project 1-571] Translating synthesized netlist
Netlist sorting complete. Time (s): cpu = 00:00:00 ; elapsed = 00:00:00 . Memory (MB): peak = 2529.566 ; gain = 0.000 ; free physical = 813 ; free virtual = 5800
INFO: [Project 1-570] Preparing netlist for logic optimization
INFO: [Opt 31-138] Pushed 0 inverter(s) to 0 load pin(s).
Netlist sorting complete. Time (s): cpu = 00:00:00 ; elapsed = 00:00:00 . Memory (MB): peak = 2676.250 ; gain = 0.000 ; free physical = 508 ; free virtual = 5505
INFO: [Project 1-111] Unisim Transformation Summary:
No Unisim elements were transformed.

Synth Design complete | Checksum: 5927f2e
INFO: [Common 17-83] Releasing license: Synthesis
99 Infos, 0 Warnings, 0 Critical Warnings and 0 Errors encountered.
synth_design completed successfully
synth_design: Time (s): cpu = 00:00:27 ; elapsed = 00:00:25 . Memory (MB): peak = 2676.285 ; gain = 1069.109 ; free physical = 411 ; free virtual = 5374
INFO: [Common 17-2834] synth_design peak Physical Memory [PSS] (MB): overall = 1587.925; main = 1537.842; forked = 198.249
INFO: [Common 17-2834] synth_design peak Virtual Memory [VSS] (MB): overall = 3453.906; main = 2676.254; forked = 989.992
INFO: [Coretcl 2-1174] Renamed 2 cell refs.
Write ShapeDB Complete: Time (s): cpu = 00:00:00 ; elapsed = 00:00:00 . Memory (MB): peak = 2700.262 ; gain = 0.000 ; free physical = 423 ; free virtual = 5385
INFO: [Common 17-1381] The checkpoint '/home/ryanb/Documents/MINA/hw/custom_ip/MINA_proj/MINA_proj.runs/design_1_plic_axil_wrapper_0_0_synth_1/design_1_plic_axil_wrapper_0_0.dcp' has been generated.
INFO: [Vivado 12-24828] Executing command : report_utilization -file design_1_plic_axil_wrapper_0_0_utilization_synth.rpt -pb design_1_plic_axil_wrapper_0_0_utilization_synth.pb
INFO: [Common 17-206] Exiting Vivado at Sun Sep  6 16:34:03 2026...
