
*** Running vivado
    with args -log design_1_axi_cdma_0_0.vds -m64 -product Vivado -mode batch -messageDb vivado.pb -notrace -source design_1_axi_cdma_0_0.tcl


****** Vivado v2025.2 (64-bit)
  **** SW Build 6299465 on Fri Nov 14 12:34:56 MST 2025
  **** IP Build 6300035 on Fri Nov 14 10:48:45 MST 2025
  **** SharedData Build 6298862 on Thu Nov 13 04:50:51 MST 2025
  **** Start of session at: Sun Sep  6 16:32:59 2026
    ** Copyright 1986-2022 Xilinx, Inc. All Rights Reserved.
    ** Copyright 2022-2025 Advanced Micro Devices, Inc. All Rights Reserved.

source design_1_axi_cdma_0_0.tcl -notrace
create_project: Time (s): cpu = 00:00:12 ; elapsed = 00:00:07 . Memory (MB): peak = 1582.066 ; gain = 105.055 ; free physical = 4717 ; free virtual = 11880
Command: synth_design -top design_1_axi_cdma_0_0 -part xc7s50csga324-1 -incremental_mode off -mode out_of_context
Starting synth_design
Attempting to get a license for feature 'Synthesis' and/or device 'xc7s50'
INFO: [Common 17-349] Got license for feature 'Synthesis' and/or device 'xc7s50'
INFO: [Device 21-403] Loading part xc7s50csga324-1
INFO: [Synth 8-7079] Multithreading enabled for synth_design using a maximum of 7 processes.
INFO: [Synth 8-7078] Launching helper process for spawning children vivado processes
INFO: [Synth 8-7075] Helper process launched with PID 175884
---------------------------------------------------------------------------------
Starting RTL Elaboration : Time (s): cpu = 00:00:05 ; elapsed = 00:00:05 . Memory (MB): peak = 2202.738 ; gain = 482.594 ; free physical = 407 ; free virtual = 6886
---------------------------------------------------------------------------------
INFO: [Synth 8-638] synthesizing module 'design_1_axi_cdma_0_0' [/home/ryanb/Documents/MINA/hw/custom_ip/MINA_proj/MINA_proj.gen/sources_1/bd/design_1/ip/design_1_axi_cdma_0_0/synth/design_1_axi_cdma_0_0.vhd:114]
	Parameter C_S_AXI_LITE_ADDR_WIDTH bound to: 6 - type: integer 
	Parameter C_S_AXI_LITE_DATA_WIDTH bound to: 32 - type: integer 
	Parameter C_AXI_LITE_IS_ASYNC bound to: 0 - type: integer 
	Parameter C_M_AXI_ADDR_WIDTH bound to: 32 - type: integer 
	Parameter C_M_AXI_DATA_WIDTH bound to: 32 - type: integer 
	Parameter C_M_AXI_MAX_BURST_LEN bound to: 16 - type: integer 
	Parameter C_INCLUDE_DRE bound to: 0 - type: integer 
	Parameter C_USE_DATAMOVER_LITE bound to: 0 - type: integer 
	Parameter C_READ_ADDR_PIPE_DEPTH bound to: 4 - type: integer 
	Parameter C_WRITE_ADDR_PIPE_DEPTH bound to: 4 - type: integer 
	Parameter C_INCLUDE_SF bound to: 0 - type: integer 
	Parameter C_INCLUDE_SG bound to: 0 - type: integer 
	Parameter C_M_AXI_SG_ADDR_WIDTH bound to: 32 - type: integer 
	Parameter C_M_AXI_SG_DATA_WIDTH bound to: 32 - type: integer 
	Parameter C_DLYTMR_RESOLUTION bound to: 256 - type: integer 
	Parameter C_FAMILY bound to: spartan7 - type: string 
INFO: [Synth 8-3491] module 'axi_cdma' declared at '/home/ryanb/Documents/MINA/hw/custom_ip/MINA_proj/MINA_proj.gen/sources_1/bd/design_1/ipshared/ca70/hdl/axi_cdma_v4_1_vh_rfs.vhd:14888' bound to instance 'U0' of component 'axi_cdma' [/home/ryanb/Documents/MINA/hw/custom_ip/MINA_proj/MINA_proj.gen/sources_1/bd/design_1/ip/design_1_axi_cdma_0_0/synth/design_1_axi_cdma_0_0.vhd:292]
INFO: [Synth 8-638] synthesizing module 'axi_cdma' [/home/ryanb/Documents/MINA/hw/custom_ip/MINA_proj/MINA_proj.gen/sources_1/bd/design_1/ipshared/ca70/hdl/axi_cdma_v4_1_vh_rfs.vhd:15188]
INFO: [Synth 8-638] synthesizing module 'axi_cdma_simple_wrap' [/home/ryanb/Documents/MINA/hw/custom_ip/MINA_proj/MINA_proj.gen/sources_1/bd/design_1/ipshared/ca70/hdl/axi_cdma_v4_1_vh_rfs.vhd:8616]
INFO: [Synth 8-638] synthesizing module 'axi_cdma_reset' [/home/ryanb/Documents/MINA/hw/custom_ip/MINA_proj/MINA_proj.gen/sources_1/bd/design_1/ipshared/ca70/hdl/axi_cdma_v4_1_vh_rfs.vhd:998]
INFO: [Synth 8-638] synthesizing module 'axi_cdma_pulse_gen' [/home/ryanb/Documents/MINA/hw/custom_ip/MINA_proj/MINA_proj.gen/sources_1/bd/design_1/ipshared/ca70/hdl/axi_cdma_v4_1_vh_rfs.vhd:438]
INFO: [Synth 8-256] done synthesizing module 'axi_cdma_pulse_gen' (0#1) [/home/ryanb/Documents/MINA/hw/custom_ip/MINA_proj/MINA_proj.gen/sources_1/bd/design_1/ipshared/ca70/hdl/axi_cdma_v4_1_vh_rfs.vhd:438]
INFO: [Synth 8-638] synthesizing module 'axi_cdma_pulse_gen__parameterized0' [/home/ryanb/Documents/MINA/hw/custom_ip/MINA_proj/MINA_proj.gen/sources_1/bd/design_1/ipshared/ca70/hdl/axi_cdma_v4_1_vh_rfs.vhd:438]
INFO: [Synth 8-256] done synthesizing module 'axi_cdma_pulse_gen__parameterized0' (0#1) [/home/ryanb/Documents/MINA/hw/custom_ip/MINA_proj/MINA_proj.gen/sources_1/bd/design_1/ipshared/ca70/hdl/axi_cdma_v4_1_vh_rfs.vhd:438]
INFO: [Synth 8-638] synthesizing module 'axi_cdma_pulse_gen__parameterized1' [/home/ryanb/Documents/MINA/hw/custom_ip/MINA_proj/MINA_proj.gen/sources_1/bd/design_1/ipshared/ca70/hdl/axi_cdma_v4_1_vh_rfs.vhd:438]
INFO: [Synth 8-256] done synthesizing module 'axi_cdma_pulse_gen__parameterized1' (0#1) [/home/ryanb/Documents/MINA/hw/custom_ip/MINA_proj/MINA_proj.gen/sources_1/bd/design_1/ipshared/ca70/hdl/axi_cdma_v4_1_vh_rfs.vhd:438]
INFO: [Synth 8-256] done synthesizing module 'axi_cdma_reset' (0#1) [/home/ryanb/Documents/MINA/hw/custom_ip/MINA_proj/MINA_proj.gen/sources_1/bd/design_1/ipshared/ca70/hdl/axi_cdma_v4_1_vh_rfs.vhd:998]
INFO: [Synth 8-638] synthesizing module 'axi_cdma_reg_module' [/home/ryanb/Documents/MINA/hw/custom_ip/MINA_proj/MINA_proj.gen/sources_1/bd/design_1/ipshared/ca70/hdl/axi_cdma_v4_1_vh_rfs.vhd:5240]
INFO: [Synth 8-638] synthesizing module 'axi_cdma_lite_if' [/home/ryanb/Documents/MINA/hw/custom_ip/MINA_proj/MINA_proj.gen/sources_1/bd/design_1/ipshared/ca70/hdl/axi_cdma_v4_1_vh_rfs.vhd:2158]
INFO: [Synth 8-256] done synthesizing module 'axi_cdma_lite_if' (0#1) [/home/ryanb/Documents/MINA/hw/custom_ip/MINA_proj/MINA_proj.gen/sources_1/bd/design_1/ipshared/ca70/hdl/axi_cdma_v4_1_vh_rfs.vhd:2158]
INFO: [Synth 8-638] synthesizing module 'axi_cdma_register' [/home/ryanb/Documents/MINA/hw/custom_ip/MINA_proj/MINA_proj.gen/sources_1/bd/design_1/ipshared/ca70/hdl/axi_cdma_v4_1_vh_rfs.vhd:3739]
INFO: [Synth 8-256] done synthesizing module 'axi_cdma_register' (0#1) [/home/ryanb/Documents/MINA/hw/custom_ip/MINA_proj/MINA_proj.gen/sources_1/bd/design_1/ipshared/ca70/hdl/axi_cdma_v4_1_vh_rfs.vhd:3739]
INFO: [Synth 8-256] done synthesizing module 'axi_cdma_reg_module' (0#1) [/home/ryanb/Documents/MINA/hw/custom_ip/MINA_proj/MINA_proj.gen/sources_1/bd/design_1/ipshared/ca70/hdl/axi_cdma_v4_1_vh_rfs.vhd:5240]
INFO: [Synth 8-638] synthesizing module 'axi_cdma_simple_cntlr' [/home/ryanb/Documents/MINA/hw/custom_ip/MINA_proj/MINA_proj.gen/sources_1/bd/design_1/ipshared/ca70/hdl/axi_cdma_v4_1_vh_rfs.vhd:7602]
INFO: [Synth 8-226] default block is never used [/home/ryanb/Documents/MINA/hw/custom_ip/MINA_proj/MINA_proj.gen/sources_1/bd/design_1/ipshared/ca70/hdl/axi_cdma_v4_1_vh_rfs.vhd:8143]
INFO: [Synth 8-256] done synthesizing module 'axi_cdma_simple_cntlr' (0#1) [/home/ryanb/Documents/MINA/hw/custom_ip/MINA_proj/MINA_proj.gen/sources_1/bd/design_1/ipshared/ca70/hdl/axi_cdma_v4_1_vh_rfs.vhd:7602]
INFO: [Synth 8-638] synthesizing module 'axi_datamover' [/home/ryanb/Documents/MINA/hw/custom_ip/MINA_proj/MINA_proj.gen/sources_1/bd/design_1/ipshared/d44a/hdl/axi_datamover_v5_1_vh_rfs.vhd:55430]
INFO: [Synth 8-638] synthesizing module 'axi_datamover_mm2s_full_wrap' [/home/ryanb/Documents/MINA/hw/custom_ip/MINA_proj/MINA_proj.gen/sources_1/bd/design_1/ipshared/d44a/hdl/axi_datamover_v5_1_vh_rfs.vhd:53569]
INFO: [Synth 8-638] synthesizing module 'axi_datamover_reset' [/home/ryanb/Documents/MINA/hw/custom_ip/MINA_proj/MINA_proj.gen/sources_1/bd/design_1/ipshared/d44a/hdl/axi_datamover_v5_1_vh_rfs.vhd:259]
INFO: [Synth 8-256] done synthesizing module 'axi_datamover_reset' (0#1) [/home/ryanb/Documents/MINA/hw/custom_ip/MINA_proj/MINA_proj.gen/sources_1/bd/design_1/ipshared/d44a/hdl/axi_datamover_v5_1_vh_rfs.vhd:259]
INFO: [Synth 8-638] synthesizing module 'axi_datamover_cmd_status' [/home/ryanb/Documents/MINA/hw/custom_ip/MINA_proj/MINA_proj.gen/sources_1/bd/design_1/ipshared/d44a/hdl/axi_datamover_v5_1_vh_rfs.vhd:2913]
INFO: [Synth 8-638] synthesizing module 'axi_datamover_fifo' [/home/ryanb/Documents/MINA/hw/custom_ip/MINA_proj/MINA_proj.gen/sources_1/bd/design_1/ipshared/d44a/hdl/axi_datamover_v5_1_vh_rfs.vhd:2109]
INFO: [Synth 8-256] done synthesizing module 'axi_datamover_fifo' (0#1) [/home/ryanb/Documents/MINA/hw/custom_ip/MINA_proj/MINA_proj.gen/sources_1/bd/design_1/ipshared/d44a/hdl/axi_datamover_v5_1_vh_rfs.vhd:2109]
INFO: [Synth 8-638] synthesizing module 'axi_datamover_fifo__parameterized0' [/home/ryanb/Documents/MINA/hw/custom_ip/MINA_proj/MINA_proj.gen/sources_1/bd/design_1/ipshared/d44a/hdl/axi_datamover_v5_1_vh_rfs.vhd:2109]
INFO: [Synth 8-256] done synthesizing module 'axi_datamover_fifo__parameterized0' (0#1) [/home/ryanb/Documents/MINA/hw/custom_ip/MINA_proj/MINA_proj.gen/sources_1/bd/design_1/ipshared/d44a/hdl/axi_datamover_v5_1_vh_rfs.vhd:2109]
INFO: [Synth 8-256] done synthesizing module 'axi_datamover_cmd_status' (0#1) [/home/ryanb/Documents/MINA/hw/custom_ip/MINA_proj/MINA_proj.gen/sources_1/bd/design_1/ipshared/d44a/hdl/axi_datamover_v5_1_vh_rfs.vhd:2913]
INFO: [Synth 8-638] synthesizing module 'axi_datamover_rd_status_cntl' [/home/ryanb/Documents/MINA/hw/custom_ip/MINA_proj/MINA_proj.gen/sources_1/bd/design_1/ipshared/d44a/hdl/axi_datamover_v5_1_vh_rfs.vhd:13919]
INFO: [Synth 8-256] done synthesizing module 'axi_datamover_rd_status_cntl' (0#1) [/home/ryanb/Documents/MINA/hw/custom_ip/MINA_proj/MINA_proj.gen/sources_1/bd/design_1/ipshared/d44a/hdl/axi_datamover_v5_1_vh_rfs.vhd:13919]
INFO: [Synth 8-638] synthesizing module 'axi_datamover_pcc' [/home/ryanb/Documents/MINA/hw/custom_ip/MINA_proj/MINA_proj.gen/sources_1/bd/design_1/ipshared/d44a/hdl/axi_datamover_v5_1_vh_rfs.vhd:7613]
INFO: [Synth 8-638] synthesizing module 'axi_datamover_strb_gen2' [/home/ryanb/Documents/MINA/hw/custom_ip/MINA_proj/MINA_proj.gen/sources_1/bd/design_1/ipshared/d44a/hdl/axi_datamover_v5_1_vh_rfs.vhd:4545]
INFO: [Synth 8-256] done synthesizing module 'axi_datamover_strb_gen2' (0#1) [/home/ryanb/Documents/MINA/hw/custom_ip/MINA_proj/MINA_proj.gen/sources_1/bd/design_1/ipshared/d44a/hdl/axi_datamover_v5_1_vh_rfs.vhd:4545]
INFO: [Synth 8-638] synthesizing module 'axi_datamover_strb_gen2__parameterized0' [/home/ryanb/Documents/MINA/hw/custom_ip/MINA_proj/MINA_proj.gen/sources_1/bd/design_1/ipshared/d44a/hdl/axi_datamover_v5_1_vh_rfs.vhd:4545]
INFO: [Synth 8-256] done synthesizing module 'axi_datamover_strb_gen2__parameterized0' (0#1) [/home/ryanb/Documents/MINA/hw/custom_ip/MINA_proj/MINA_proj.gen/sources_1/bd/design_1/ipshared/d44a/hdl/axi_datamover_v5_1_vh_rfs.vhd:4545]
INFO: [Synth 8-226] default block is never used [/home/ryanb/Documents/MINA/hw/custom_ip/MINA_proj/MINA_proj.gen/sources_1/bd/design_1/ipshared/d44a/hdl/axi_datamover_v5_1_vh_rfs.vhd:9687]
INFO: [Synth 8-256] done synthesizing module 'axi_datamover_pcc' (0#1) [/home/ryanb/Documents/MINA/hw/custom_ip/MINA_proj/MINA_proj.gen/sources_1/bd/design_1/ipshared/d44a/hdl/axi_datamover_v5_1_vh_rfs.vhd:7613]
INFO: [Synth 8-638] synthesizing module 'axi_datamover_addr_cntl' [/home/ryanb/Documents/MINA/hw/custom_ip/MINA_proj/MINA_proj.gen/sources_1/bd/design_1/ipshared/d44a/hdl/axi_datamover_v5_1_vh_rfs.vhd:10191]
INFO: [Synth 8-638] synthesizing module 'axi_datamover_fifo__parameterized1' [/home/ryanb/Documents/MINA/hw/custom_ip/MINA_proj/MINA_proj.gen/sources_1/bd/design_1/ipshared/d44a/hdl/axi_datamover_v5_1_vh_rfs.vhd:2109]
INFO: [Synth 8-638] synthesizing module 'axi_datamover_v5_1_37_srl_fifo' [/home/ryanb/Documents/MINA/hw/custom_ip/MINA_proj/MINA_proj.gen/sources_1/bd/design_1/ipshared/d44a/hdl/axi_datamover_v5_1_vh_rfs.vhd:1881]
INFO: [Synth 8-256] done synthesizing module 'axi_datamover_v5_1_37_srl_fifo' (0#1) [/home/ryanb/Documents/MINA/hw/custom_ip/MINA_proj/MINA_proj.gen/sources_1/bd/design_1/ipshared/d44a/hdl/axi_datamover_v5_1_vh_rfs.vhd:1881]
INFO: [Synth 8-256] done synthesizing module 'axi_datamover_fifo__parameterized1' (0#1) [/home/ryanb/Documents/MINA/hw/custom_ip/MINA_proj/MINA_proj.gen/sources_1/bd/design_1/ipshared/d44a/hdl/axi_datamover_v5_1_vh_rfs.vhd:2109]
INFO: [Synth 8-256] done synthesizing module 'axi_datamover_addr_cntl' (0#1) [/home/ryanb/Documents/MINA/hw/custom_ip/MINA_proj/MINA_proj.gen/sources_1/bd/design_1/ipshared/d44a/hdl/axi_datamover_v5_1_vh_rfs.vhd:10191]
INFO: [Synth 8-638] synthesizing module 'axi_datamover_rddata_cntl' [/home/ryanb/Documents/MINA/hw/custom_ip/MINA_proj/MINA_proj.gen/sources_1/bd/design_1/ipshared/d44a/hdl/axi_datamover_v5_1_vh_rfs.vhd:12364]
INFO: [Synth 8-638] synthesizing module 'axi_datamover_rdmux' [/home/ryanb/Documents/MINA/hw/custom_ip/MINA_proj/MINA_proj.gen/sources_1/bd/design_1/ipshared/d44a/hdl/axi_datamover_v5_1_vh_rfs.vhd:10866]
INFO: [Synth 8-256] done synthesizing module 'axi_datamover_rdmux' (0#1) [/home/ryanb/Documents/MINA/hw/custom_ip/MINA_proj/MINA_proj.gen/sources_1/bd/design_1/ipshared/d44a/hdl/axi_datamover_v5_1_vh_rfs.vhd:10866]
INFO: [Synth 8-638] synthesizing module 'axi_datamover_fifo__parameterized2' [/home/ryanb/Documents/MINA/hw/custom_ip/MINA_proj/MINA_proj.gen/sources_1/bd/design_1/ipshared/d44a/hdl/axi_datamover_v5_1_vh_rfs.vhd:2109]
INFO: [Synth 8-638] synthesizing module 'axi_datamover_v5_1_37_srl_fifo__parameterized0' [/home/ryanb/Documents/MINA/hw/custom_ip/MINA_proj/MINA_proj.gen/sources_1/bd/design_1/ipshared/d44a/hdl/axi_datamover_v5_1_vh_rfs.vhd:1881]
INFO: [Synth 8-256] done synthesizing module 'axi_datamover_v5_1_37_srl_fifo__parameterized0' (0#1) [/home/ryanb/Documents/MINA/hw/custom_ip/MINA_proj/MINA_proj.gen/sources_1/bd/design_1/ipshared/d44a/hdl/axi_datamover_v5_1_vh_rfs.vhd:1881]
INFO: [Synth 8-256] done synthesizing module 'axi_datamover_fifo__parameterized2' (0#1) [/home/ryanb/Documents/MINA/hw/custom_ip/MINA_proj/MINA_proj.gen/sources_1/bd/design_1/ipshared/d44a/hdl/axi_datamover_v5_1_vh_rfs.vhd:2109]
INFO: [Synth 8-256] done synthesizing module 'axi_datamover_rddata_cntl' (0#1) [/home/ryanb/Documents/MINA/hw/custom_ip/MINA_proj/MINA_proj.gen/sources_1/bd/design_1/ipshared/d44a/hdl/axi_datamover_v5_1_vh_rfs.vhd:12364]
INFO: [Synth 8-256] done synthesizing module 'axi_datamover_mm2s_full_wrap' (0#1) [/home/ryanb/Documents/MINA/hw/custom_ip/MINA_proj/MINA_proj.gen/sources_1/bd/design_1/ipshared/d44a/hdl/axi_datamover_v5_1_vh_rfs.vhd:53569]
INFO: [Synth 8-638] synthesizing module 'axi_datamover_s2mm_full_wrap' [/home/ryanb/Documents/MINA/hw/custom_ip/MINA_proj/MINA_proj.gen/sources_1/bd/design_1/ipshared/d44a/hdl/axi_datamover_v5_1_vh_rfs.vhd:50012]
INFO: [Synth 8-638] synthesizing module 'axi_datamover_wr_status_cntl' [/home/ryanb/Documents/MINA/hw/custom_ip/MINA_proj/MINA_proj.gen/sources_1/bd/design_1/ipshared/d44a/hdl/axi_datamover_v5_1_vh_rfs.vhd:17859]
INFO: [Synth 8-638] synthesizing module 'axi_datamover_fifo__parameterized3' [/home/ryanb/Documents/MINA/hw/custom_ip/MINA_proj/MINA_proj.gen/sources_1/bd/design_1/ipshared/d44a/hdl/axi_datamover_v5_1_vh_rfs.vhd:2109]
INFO: [Synth 8-638] synthesizing module 'axi_datamover_v5_1_37_srl_fifo__parameterized1' [/home/ryanb/Documents/MINA/hw/custom_ip/MINA_proj/MINA_proj.gen/sources_1/bd/design_1/ipshared/d44a/hdl/axi_datamover_v5_1_vh_rfs.vhd:1881]
INFO: [Synth 8-256] done synthesizing module 'axi_datamover_v5_1_37_srl_fifo__parameterized1' (0#1) [/home/ryanb/Documents/MINA/hw/custom_ip/MINA_proj/MINA_proj.gen/sources_1/bd/design_1/ipshared/d44a/hdl/axi_datamover_v5_1_vh_rfs.vhd:1881]
INFO: [Synth 8-256] done synthesizing module 'axi_datamover_fifo__parameterized3' (0#1) [/home/ryanb/Documents/MINA/hw/custom_ip/MINA_proj/MINA_proj.gen/sources_1/bd/design_1/ipshared/d44a/hdl/axi_datamover_v5_1_vh_rfs.vhd:2109]
INFO: [Synth 8-638] synthesizing module 'axi_datamover_fifo__parameterized4' [/home/ryanb/Documents/MINA/hw/custom_ip/MINA_proj/MINA_proj.gen/sources_1/bd/design_1/ipshared/d44a/hdl/axi_datamover_v5_1_vh_rfs.vhd:2109]
INFO: [Synth 8-638] synthesizing module 'axi_datamover_v5_1_37_srl_fifo__parameterized2' [/home/ryanb/Documents/MINA/hw/custom_ip/MINA_proj/MINA_proj.gen/sources_1/bd/design_1/ipshared/d44a/hdl/axi_datamover_v5_1_vh_rfs.vhd:1881]
INFO: [Synth 8-256] done synthesizing module 'axi_datamover_v5_1_37_srl_fifo__parameterized2' (0#1) [/home/ryanb/Documents/MINA/hw/custom_ip/MINA_proj/MINA_proj.gen/sources_1/bd/design_1/ipshared/d44a/hdl/axi_datamover_v5_1_vh_rfs.vhd:1881]
INFO: [Synth 8-256] done synthesizing module 'axi_datamover_fifo__parameterized4' (0#1) [/home/ryanb/Documents/MINA/hw/custom_ip/MINA_proj/MINA_proj.gen/sources_1/bd/design_1/ipshared/d44a/hdl/axi_datamover_v5_1_vh_rfs.vhd:2109]
INFO: [Synth 8-256] done synthesizing module 'axi_datamover_wr_status_cntl' (0#1) [/home/ryanb/Documents/MINA/hw/custom_ip/MINA_proj/MINA_proj.gen/sources_1/bd/design_1/ipshared/d44a/hdl/axi_datamover_v5_1_vh_rfs.vhd:17859]
INFO: [Synth 8-638] synthesizing module 'axi_datamover_pcc__parameterized0' [/home/ryanb/Documents/MINA/hw/custom_ip/MINA_proj/MINA_proj.gen/sources_1/bd/design_1/ipshared/d44a/hdl/axi_datamover_v5_1_vh_rfs.vhd:7613]
INFO: [Synth 8-226] default block is never used [/home/ryanb/Documents/MINA/hw/custom_ip/MINA_proj/MINA_proj.gen/sources_1/bd/design_1/ipshared/d44a/hdl/axi_datamover_v5_1_vh_rfs.vhd:9687]
INFO: [Synth 8-256] done synthesizing module 'axi_datamover_pcc__parameterized0' (0#1) [/home/ryanb/Documents/MINA/hw/custom_ip/MINA_proj/MINA_proj.gen/sources_1/bd/design_1/ipshared/d44a/hdl/axi_datamover_v5_1_vh_rfs.vhd:7613]
INFO: [Synth 8-638] synthesizing module 'axi_datamover_addr_cntl__parameterized0' [/home/ryanb/Documents/MINA/hw/custom_ip/MINA_proj/MINA_proj.gen/sources_1/bd/design_1/ipshared/d44a/hdl/axi_datamover_v5_1_vh_rfs.vhd:10191]
INFO: [Synth 8-256] done synthesizing module 'axi_datamover_addr_cntl__parameterized0' (0#1) [/home/ryanb/Documents/MINA/hw/custom_ip/MINA_proj/MINA_proj.gen/sources_1/bd/design_1/ipshared/d44a/hdl/axi_datamover_v5_1_vh_rfs.vhd:10191]
INFO: [Synth 8-638] synthesizing module 'axi_datamover_wrdata_cntl' [/home/ryanb/Documents/MINA/hw/custom_ip/MINA_proj/MINA_proj.gen/sources_1/bd/design_1/ipshared/d44a/hdl/axi_datamover_v5_1_vh_rfs.vhd:15835]
INFO: [Synth 8-638] synthesizing module 'axi_datamover_fifo__parameterized5' [/home/ryanb/Documents/MINA/hw/custom_ip/MINA_proj/MINA_proj.gen/sources_1/bd/design_1/ipshared/d44a/hdl/axi_datamover_v5_1_vh_rfs.vhd:2109]
INFO: [Synth 8-638] synthesizing module 'axi_datamover_v5_1_37_srl_fifo__parameterized3' [/home/ryanb/Documents/MINA/hw/custom_ip/MINA_proj/MINA_proj.gen/sources_1/bd/design_1/ipshared/d44a/hdl/axi_datamover_v5_1_vh_rfs.vhd:1881]
INFO: [Synth 8-256] done synthesizing module 'axi_datamover_v5_1_37_srl_fifo__parameterized3' (0#1) [/home/ryanb/Documents/MINA/hw/custom_ip/MINA_proj/MINA_proj.gen/sources_1/bd/design_1/ipshared/d44a/hdl/axi_datamover_v5_1_vh_rfs.vhd:1881]
INFO: [Synth 8-256] done synthesizing module 'axi_datamover_fifo__parameterized5' (0#1) [/home/ryanb/Documents/MINA/hw/custom_ip/MINA_proj/MINA_proj.gen/sources_1/bd/design_1/ipshared/d44a/hdl/axi_datamover_v5_1_vh_rfs.vhd:2109]
INFO: [Synth 8-256] done synthesizing module 'axi_datamover_wrdata_cntl' (0#1) [/home/ryanb/Documents/MINA/hw/custom_ip/MINA_proj/MINA_proj.gen/sources_1/bd/design_1/ipshared/d44a/hdl/axi_datamover_v5_1_vh_rfs.vhd:15835]
INFO: [Synth 8-638] synthesizing module 'axi_datamover_skid2mm_buf' [/home/ryanb/Documents/MINA/hw/custom_ip/MINA_proj/MINA_proj.gen/sources_1/bd/design_1/ipshared/d44a/hdl/axi_datamover_v5_1_vh_rfs.vhd:19147]
INFO: [Synth 8-638] synthesizing module 'axi_datamover_wr_demux' [/home/ryanb/Documents/MINA/hw/custom_ip/MINA_proj/MINA_proj.gen/sources_1/bd/design_1/ipshared/d44a/hdl/axi_datamover_v5_1_vh_rfs.vhd:14284]
INFO: [Synth 8-256] done synthesizing module 'axi_datamover_wr_demux' (0#1) [/home/ryanb/Documents/MINA/hw/custom_ip/MINA_proj/MINA_proj.gen/sources_1/bd/design_1/ipshared/d44a/hdl/axi_datamover_v5_1_vh_rfs.vhd:14284]
INFO: [Synth 8-256] done synthesizing module 'axi_datamover_skid2mm_buf' (0#1) [/home/ryanb/Documents/MINA/hw/custom_ip/MINA_proj/MINA_proj.gen/sources_1/bd/design_1/ipshared/d44a/hdl/axi_datamover_v5_1_vh_rfs.vhd:19147]
INFO: [Synth 8-256] done synthesizing module 'axi_datamover_s2mm_full_wrap' (0#1) [/home/ryanb/Documents/MINA/hw/custom_ip/MINA_proj/MINA_proj.gen/sources_1/bd/design_1/ipshared/d44a/hdl/axi_datamover_v5_1_vh_rfs.vhd:50012]
INFO: [Synth 8-256] done synthesizing module 'axi_datamover' (0#1) [/home/ryanb/Documents/MINA/hw/custom_ip/MINA_proj/MINA_proj.gen/sources_1/bd/design_1/ipshared/d44a/hdl/axi_datamover_v5_1_vh_rfs.vhd:55430]
INFO: [Synth 8-256] done synthesizing module 'axi_cdma_simple_wrap' (0#1) [/home/ryanb/Documents/MINA/hw/custom_ip/MINA_proj/MINA_proj.gen/sources_1/bd/design_1/ipshared/ca70/hdl/axi_cdma_v4_1_vh_rfs.vhd:8616]
INFO: [Synth 8-256] done synthesizing module 'axi_cdma' (0#1) [/home/ryanb/Documents/MINA/hw/custom_ip/MINA_proj/MINA_proj.gen/sources_1/bd/design_1/ipshared/ca70/hdl/axi_cdma_v4_1_vh_rfs.vhd:15188]
INFO: [Synth 8-256] done synthesizing module 'design_1_axi_cdma_0_0' (0#1) [/home/ryanb/Documents/MINA/hw/custom_ip/MINA_proj/MINA_proj.gen/sources_1/bd/design_1/ip/design_1_axi_cdma_0_0/synth/design_1_axi_cdma_0_0.vhd:114]
INFO: [Synth 8-6014] Unused sequential element sig_axilite_por2rst_out_reg was removed.  [/home/ryanb/Documents/MINA/hw/custom_ip/MINA_proj/MINA_proj.gen/sources_1/bd/design_1/ipshared/ca70/hdl/axi_cdma_v4_1_vh_rfs.vhd:1211]
INFO: [Synth 8-6014] Unused sequential element awaddr_reg was removed.  [/home/ryanb/Documents/MINA/hw/custom_ip/MINA_proj/MINA_proj.gen/sources_1/bd/design_1/ipshared/ca70/hdl/axi_cdma_v4_1_vh_rfs.vhd:2252]
INFO: [Synth 8-6014] Unused sequential element wdata_reg was removed.  [/home/ryanb/Documents/MINA/hw/custom_ip/MINA_proj/MINA_proj.gen/sources_1/bd/design_1/ipshared/ca70/hdl/axi_cdma_v4_1_vh_rfs.vhd:2254]
INFO: [Synth 8-6014] Unused sequential element GEN_SYNC_WRITE.axi2ip_wrdata_i_reg was removed.  [/home/ryanb/Documents/MINA/hw/custom_ip/MINA_proj/MINA_proj.gen/sources_1/bd/design_1/ipshared/ca70/hdl/axi_cdma_v4_1_vh_rfs.vhd:2407]
INFO: [Synth 8-6014] Unused sequential element GEN_SYNC_WRITE.awready_i_reg was removed.  [/home/ryanb/Documents/MINA/hw/custom_ip/MINA_proj/MINA_proj.gen/sources_1/bd/design_1/ipshared/ca70/hdl/axi_cdma_v4_1_vh_rfs.vhd:2239]
INFO: [Synth 8-6014] Unused sequential element GEN_SYNC_WRITE.rdy1_reg was removed.  [/home/ryanb/Documents/MINA/hw/custom_ip/MINA_proj/MINA_proj.gen/sources_1/bd/design_1/ipshared/ca70/hdl/axi_cdma_v4_1_vh_rfs.vhd:2368]
INFO: [Synth 8-6014] Unused sequential element GEN_SYNC_READ.arvalid_re_d1_reg was removed.  [/home/ryanb/Documents/MINA/hw/custom_ip/MINA_proj/MINA_proj.gen/sources_1/bd/design_1/ipshared/ca70/hdl/axi_cdma_v4_1_vh_rfs.vhd:3115]
INFO: [Synth 8-6014] Unused sequential element sg_ftch_error_reg was removed.  [/home/ryanb/Documents/MINA/hw/custom_ip/MINA_proj/MINA_proj.gen/sources_1/bd/design_1/ipshared/ca70/hdl/axi_cdma_v4_1_vh_rfs.vhd:4312]
INFO: [Synth 8-6014] Unused sequential element sg_updt_error_reg was removed.  [/home/ryanb/Documents/MINA/hw/custom_ip/MINA_proj/MINA_proj.gen/sources_1/bd/design_1/ipshared/ca70/hdl/axi_cdma_v4_1_vh_rfs.vhd:4313]
INFO: [Synth 8-6014] Unused sequential element error_pointer_set_reg was removed.  [/home/ryanb/Documents/MINA/hw/custom_ip/MINA_proj/MINA_proj.gen/sources_1/bd/design_1/ipshared/ca70/hdl/axi_cdma_v4_1_vh_rfs.vhd:4579]
INFO: [Synth 8-6014] Unused sequential element irqthresh_wren_reg was removed.  [/home/ryanb/Documents/MINA/hw/custom_ip/MINA_proj/MINA_proj.gen/sources_1/bd/design_1/ipshared/ca70/hdl/axi_cdma_v4_1_vh_rfs.vhd:3964]
INFO: [Synth 8-6014] Unused sequential element sg_interr_reg was removed.  [/home/ryanb/Documents/MINA/hw/custom_ip/MINA_proj/MINA_proj.gen/sources_1/bd/design_1/ipshared/ca70/hdl/axi_cdma_v4_1_vh_rfs.vhd:4292]
INFO: [Synth 8-6014] Unused sequential element sg_slverr_reg was removed.  [/home/ryanb/Documents/MINA/hw/custom_ip/MINA_proj/MINA_proj.gen/sources_1/bd/design_1/ipshared/ca70/hdl/axi_cdma_v4_1_vh_rfs.vhd:4293]
INFO: [Synth 8-6014] Unused sequential element sg_decerr_reg was removed.  [/home/ryanb/Documents/MINA/hw/custom_ip/MINA_proj/MINA_proj.gen/sources_1/bd/design_1/ipshared/ca70/hdl/axi_cdma_v4_1_vh_rfs.vhd:4294]
INFO: [Synth 8-6014] Unused sequential element dly_irq_reg was removed.  [/home/ryanb/Documents/MINA/hw/custom_ip/MINA_proj/MINA_proj.gen/sources_1/bd/design_1/ipshared/ca70/hdl/axi_cdma_v4_1_vh_rfs.vhd:4453]
INFO: [Synth 8-6014] Unused sequential element currdesc_updated_reg was removed.  [/home/ryanb/Documents/MINA/hw/custom_ip/MINA_proj/MINA_proj.gen/sources_1/bd/design_1/ipshared/ca70/hdl/axi_cdma_v4_1_vh_rfs.vhd:4580]
INFO: [Synth 8-6014] Unused sequential element taildesc_lsb_int_reg was removed.  [/home/ryanb/Documents/MINA/hw/custom_ip/MINA_proj/MINA_proj.gen/sources_1/bd/design_1/ipshared/ca70/hdl/axi_cdma_v4_1_vh_rfs.vhd:3869]
INFO: [Synth 8-6014] Unused sequential element GEN_TAILUPDATE_EQL32.tailpntr_updated_d1_reg was removed.  [/home/ryanb/Documents/MINA/hw/custom_ip/MINA_proj/MINA_proj.gen/sources_1/bd/design_1/ipshared/ca70/hdl/axi_cdma_v4_1_vh_rfs.vhd:4756]
INFO: [Synth 8-6014] Unused sequential element tailpntr_updated_d2_reg was removed.  [/home/ryanb/Documents/MINA/hw/custom_ip/MINA_proj/MINA_proj.gen/sources_1/bd/design_1/ipshared/ca70/hdl/axi_cdma_v4_1_vh_rfs.vhd:4794]
INFO: [Synth 8-6014] Unused sequential element sig_inhibit_rdy_n_reg was removed.  [/home/ryanb/Documents/MINA/hw/custom_ip/MINA_proj/MINA_proj.gen/sources_1/bd/design_1/ipshared/d44a/hdl/axi_datamover_v5_1_vh_rfs.vhd:2237]
INFO: [Synth 8-6014] Unused sequential element sig_inhibit_rdy_n_reg was removed.  [/home/ryanb/Documents/MINA/hw/custom_ip/MINA_proj/MINA_proj.gen/sources_1/bd/design_1/ipshared/d44a/hdl/axi_datamover_v5_1_vh_rfs.vhd:2237]
INFO: [Synth 8-6014] Unused sequential element sig_input_reg_full_reg was removed.  [/home/ryanb/Documents/MINA/hw/custom_ip/MINA_proj/MINA_proj.gen/sources_1/bd/design_1/ipshared/d44a/hdl/axi_datamover_v5_1_vh_rfs.vhd:8245]
INFO: [Synth 8-6014] Unused sequential element sig_xfer_reg_full_reg was removed.  [/home/ryanb/Documents/MINA/hw/custom_ip/MINA_proj/MINA_proj.gen/sources_1/bd/design_1/ipshared/d44a/hdl/axi_datamover_v5_1_vh_rfs.vhd:8556]
INFO: [Synth 8-6014] Unused sequential element sig_next_tag_reg_reg was removed.  [/home/ryanb/Documents/MINA/hw/custom_ip/MINA_proj/MINA_proj.gen/sources_1/bd/design_1/ipshared/d44a/hdl/axi_datamover_v5_1_vh_rfs.vhd:10601]
INFO: [Synth 8-6014] Unused sequential element sig_next_cmd_cmplt_reg_reg was removed.  [/home/ryanb/Documents/MINA/hw/custom_ip/MINA_proj/MINA_proj.gen/sources_1/bd/design_1/ipshared/d44a/hdl/axi_datamover_v5_1_vh_rfs.vhd:10608]
INFO: [Synth 8-6014] Unused sequential element sig_next_dre_src_align_reg_reg was removed.  [/home/ryanb/Documents/MINA/hw/custom_ip/MINA_proj/MINA_proj.gen/sources_1/bd/design_1/ipshared/d44a/hdl/axi_datamover_v5_1_vh_rfs.vhd:13065]
INFO: [Synth 8-6014] Unused sequential element sig_next_dre_dest_align_reg_reg was removed.  [/home/ryanb/Documents/MINA/hw/custom_ip/MINA_proj/MINA_proj.gen/sources_1/bd/design_1/ipshared/d44a/hdl/axi_datamover_v5_1_vh_rfs.vhd:13066]
INFO: [Synth 8-6014] Unused sequential element sig_coelsc_reg_empty_reg was removed.  [/home/ryanb/Documents/MINA/hw/custom_ip/MINA_proj/MINA_proj.gen/sources_1/bd/design_1/ipshared/d44a/hdl/axi_datamover_v5_1_vh_rfs.vhd:13404]
INFO: [Synth 8-6014] Unused sequential element sig_input_reg_full_reg was removed.  [/home/ryanb/Documents/MINA/hw/custom_ip/MINA_proj/MINA_proj.gen/sources_1/bd/design_1/ipshared/d44a/hdl/axi_datamover_v5_1_vh_rfs.vhd:8245]
INFO: [Synth 8-6014] Unused sequential element sig_xfer_reg_full_reg was removed.  [/home/ryanb/Documents/MINA/hw/custom_ip/MINA_proj/MINA_proj.gen/sources_1/bd/design_1/ipshared/d44a/hdl/axi_datamover_v5_1_vh_rfs.vhd:8556]
INFO: [Synth 8-6014] Unused sequential element sig_next_tag_reg_reg was removed.  [/home/ryanb/Documents/MINA/hw/custom_ip/MINA_proj/MINA_proj.gen/sources_1/bd/design_1/ipshared/d44a/hdl/axi_datamover_v5_1_vh_rfs.vhd:10601]
INFO: [Synth 8-6014] Unused sequential element sig_next_cmd_cmplt_reg_reg was removed.  [/home/ryanb/Documents/MINA/hw/custom_ip/MINA_proj/MINA_proj.gen/sources_1/bd/design_1/ipshared/d44a/hdl/axi_datamover_v5_1_vh_rfs.vhd:10608]
INFO: [Synth 8-6014] Unused sequential element sig_single_dbeat_reg was removed.  [/home/ryanb/Documents/MINA/hw/custom_ip/MINA_proj/MINA_proj.gen/sources_1/bd/design_1/ipshared/d44a/hdl/axi_datamover_v5_1_vh_rfs.vhd:17389]
INFO: [Synth 8-7129] Port debeat_saddr_lsb[1] in module axi_datamover_wr_demux is either unconnected or has no load
INFO: [Synth 8-7129] Port debeat_saddr_lsb[0] in module axi_datamover_wr_demux is either unconnected or has no load
INFO: [Synth 8-7129] Port fifo_async_rd_reset in module axi_datamover_fifo__parameterized5 is either unconnected or has no load
INFO: [Synth 8-7129] Port fifo_async_rd_clk in module axi_datamover_fifo__parameterized5 is either unconnected or has no load
INFO: [Synth 8-7129] Port s2mm_strm_eop in module axi_datamover_wrdata_cntl is either unconnected or has no load
INFO: [Synth 8-7129] Port s2mm_stbs_asserted[7] in module axi_datamover_wrdata_cntl is either unconnected or has no load
INFO: [Synth 8-7129] Port s2mm_stbs_asserted[6] in module axi_datamover_wrdata_cntl is either unconnected or has no load
INFO: [Synth 8-7129] Port s2mm_stbs_asserted[5] in module axi_datamover_wrdata_cntl is either unconnected or has no load
INFO: [Synth 8-7129] Port s2mm_stbs_asserted[4] in module axi_datamover_wrdata_cntl is either unconnected or has no load
INFO: [Synth 8-7129] Port s2mm_stbs_asserted[3] in module axi_datamover_wrdata_cntl is either unconnected or has no load
INFO: [Synth 8-7129] Port s2mm_stbs_asserted[2] in module axi_datamover_wrdata_cntl is either unconnected or has no load
INFO: [Synth 8-7129] Port s2mm_stbs_asserted[1] in module axi_datamover_wrdata_cntl is either unconnected or has no load
INFO: [Synth 8-7129] Port s2mm_stbs_asserted[0] in module axi_datamover_wrdata_cntl is either unconnected or has no load
INFO: [Synth 8-7129] Port realign2wdc_eop_error in module axi_datamover_wrdata_cntl is either unconnected or has no load
INFO: [Synth 8-7129] Port fifo_async_rd_reset in module axi_datamover_fifo__parameterized1 is either unconnected or has no load
INFO: [Synth 8-7129] Port fifo_async_rd_clk in module axi_datamover_fifo__parameterized1 is either unconnected or has no load
INFO: [Synth 8-7129] Port data2addr_data_rdy in module axi_datamover_addr_cntl__parameterized0 is either unconnected or has no load
INFO: [Synth 8-7129] Port num_valid_bytes[1] in module axi_datamover_strb_gen2__parameterized0 is either unconnected or has no load
INFO: [Synth 8-7129] Port num_valid_bytes[0] in module axi_datamover_strb_gen2__parameterized0 is either unconnected or has no load
INFO: [Synth 8-7129] Port end_addr_offset[1] in module axi_datamover_strb_gen2 is either unconnected or has no load
INFO: [Synth 8-7129] Port end_addr_offset[0] in module axi_datamover_strb_gen2 is either unconnected or has no load
INFO: [Synth 8-7129] Port fifo_async_rd_reset in module axi_datamover_fifo__parameterized4 is either unconnected or has no load
INFO: [Synth 8-7129] Port fifo_async_rd_clk in module axi_datamover_fifo__parameterized4 is either unconnected or has no load
INFO: [Synth 8-7129] Port fifo_async_rd_reset in module axi_datamover_fifo__parameterized3 is either unconnected or has no load
INFO: [Synth 8-7129] Port fifo_async_rd_clk in module axi_datamover_fifo__parameterized3 is either unconnected or has no load
INFO: [Synth 8-7129] Port calc2wsc_calc_error in module axi_datamover_wr_status_cntl is either unconnected or has no load
INFO: [Synth 8-7129] Port addr2wsc_fifo_empty in module axi_datamover_wr_status_cntl is either unconnected or has no load
INFO: [Synth 8-7129] Port data2wsc_eop in module axi_datamover_wr_status_cntl is either unconnected or has no load
INFO: [Synth 8-7129] Port data2wsc_bytes_rcvd[25] in module axi_datamover_wr_status_cntl is either unconnected or has no load
INFO: [Synth 8-7129] Port data2wsc_bytes_rcvd[24] in module axi_datamover_wr_status_cntl is either unconnected or has no load
INFO: [Synth 8-7129] Port data2wsc_bytes_rcvd[23] in module axi_datamover_wr_status_cntl is either unconnected or has no load
INFO: [Synth 8-7129] Port data2wsc_bytes_rcvd[22] in module axi_datamover_wr_status_cntl is either unconnected or has no load
INFO: [Synth 8-7129] Port data2wsc_bytes_rcvd[21] in module axi_datamover_wr_status_cntl is either unconnected or has no load
INFO: [Synth 8-7129] Port data2wsc_bytes_rcvd[20] in module axi_datamover_wr_status_cntl is either unconnected or has no load
INFO: [Synth 8-7129] Port data2wsc_bytes_rcvd[19] in module axi_datamover_wr_status_cntl is either unconnected or has no load
INFO: [Synth 8-7129] Port data2wsc_bytes_rcvd[18] in module axi_datamover_wr_status_cntl is either unconnected or has no load
INFO: [Synth 8-7129] Port data2wsc_bytes_rcvd[17] in module axi_datamover_wr_status_cntl is either unconnected or has no load
INFO: [Synth 8-7129] Port data2wsc_bytes_rcvd[16] in module axi_datamover_wr_status_cntl is either unconnected or has no load
INFO: [Synth 8-7129] Port data2wsc_bytes_rcvd[15] in module axi_datamover_wr_status_cntl is either unconnected or has no load
INFO: [Synth 8-7129] Port data2wsc_bytes_rcvd[14] in module axi_datamover_wr_status_cntl is either unconnected or has no load
INFO: [Synth 8-7129] Port data2wsc_bytes_rcvd[13] in module axi_datamover_wr_status_cntl is either unconnected or has no load
INFO: [Synth 8-7129] Port data2wsc_bytes_rcvd[12] in module axi_datamover_wr_status_cntl is either unconnected or has no load
INFO: [Synth 8-7129] Port data2wsc_bytes_rcvd[11] in module axi_datamover_wr_status_cntl is either unconnected or has no load
INFO: [Synth 8-7129] Port data2wsc_bytes_rcvd[10] in module axi_datamover_wr_status_cntl is either unconnected or has no load
INFO: [Synth 8-7129] Port data2wsc_bytes_rcvd[9] in module axi_datamover_wr_status_cntl is either unconnected or has no load
INFO: [Synth 8-7129] Port data2wsc_bytes_rcvd[8] in module axi_datamover_wr_status_cntl is either unconnected or has no load
INFO: [Synth 8-7129] Port data2wsc_bytes_rcvd[7] in module axi_datamover_wr_status_cntl is either unconnected or has no load
INFO: [Synth 8-7129] Port data2wsc_bytes_rcvd[6] in module axi_datamover_wr_status_cntl is either unconnected or has no load
INFO: [Synth 8-7129] Port data2wsc_bytes_rcvd[5] in module axi_datamover_wr_status_cntl is either unconnected or has no load
INFO: [Synth 8-7129] Port data2wsc_bytes_rcvd[4] in module axi_datamover_wr_status_cntl is either unconnected or has no load
INFO: [Synth 8-7129] Port data2wsc_bytes_rcvd[3] in module axi_datamover_wr_status_cntl is either unconnected or has no load
INFO: [Synth 8-7129] Port data2wsc_bytes_rcvd[2] in module axi_datamover_wr_status_cntl is either unconnected or has no load
INFO: [Synth 8-7129] Port data2wsc_bytes_rcvd[1] in module axi_datamover_wr_status_cntl is either unconnected or has no load
INFO: [Synth 8-7129] Port data2wsc_bytes_rcvd[0] in module axi_datamover_wr_status_cntl is either unconnected or has no load
INFO: [Synth 8-7129] Port fifo_async_rd_reset in module axi_datamover_fifo__parameterized0 is either unconnected or has no load
INFO: [Synth 8-7129] Port fifo_async_rd_clk in module axi_datamover_fifo__parameterized0 is either unconnected or has no load
INFO: [Synth 8-7129] Port fifo_async_rd_reset in module axi_datamover_fifo is either unconnected or has no load
INFO: [Synth 8-7129] Port fifo_async_rd_clk in module axi_datamover_fifo is either unconnected or has no load
INFO: [Synth 8-7129] Port secondary_awclk in module axi_datamover_cmd_status is either unconnected or has no load
INFO: [Synth 8-7129] Port user_reset in module axi_datamover_cmd_status is either unconnected or has no load
INFO: [Synth 8-7129] Port cache_data[7] in module axi_datamover_cmd_status is either unconnected or has no load
INFO: [Synth 8-7129] Port cache_data[6] in module axi_datamover_cmd_status is either unconnected or has no load
INFO: [Synth 8-7129] Port cache_data[5] in module axi_datamover_cmd_status is either unconnected or has no load
INFO: [Synth 8-7129] Port cache_data[4] in module axi_datamover_cmd_status is either unconnected or has no load
INFO: [Synth 8-7129] Port cache_data[3] in module axi_datamover_cmd_status is either unconnected or has no load
INFO: [Synth 8-7129] Port cache_data[2] in module axi_datamover_cmd_status is either unconnected or has no load
INFO: [Synth 8-7129] Port cache_data[1] in module axi_datamover_cmd_status is either unconnected or has no load
INFO: [Synth 8-7129] Port cache_data[0] in module axi_datamover_cmd_status is either unconnected or has no load
INFO: [Synth 8-7129] Port secondary_awclk in module axi_datamover_reset is either unconnected or has no load
INFO: [Synth 8-7129] Port secondary_aresetn in module axi_datamover_reset is either unconnected or has no load
INFO: [Synth 8-7129] Port s2mm_cmd_wdata[74] in module axi_datamover_s2mm_full_wrap is either unconnected or has no load
INFO: [Synth 8-7129] Port s2mm_cmd_wdata[73] in module axi_datamover_s2mm_full_wrap is either unconnected or has no load
INFO: [Synth 8-7129] Port s2mm_cmd_wdata[72] in module axi_datamover_s2mm_full_wrap is either unconnected or has no load
INFO: [Synth 8-7129] Port s2mm_cmd_wdata[71] in module axi_datamover_s2mm_full_wrap is either unconnected or has no load
INFO: [Synth 8-7129] Port s2mm_dbg_sel[3] in module axi_datamover_s2mm_full_wrap is either unconnected or has no load
INFO: [Synth 8-7129] Port s2mm_dbg_sel[2] in module axi_datamover_s2mm_full_wrap is either unconnected or has no load
INFO: [Synth 8-7129] Port s2mm_dbg_sel[1] in module axi_datamover_s2mm_full_wrap is either unconnected or has no load
INFO: [Synth 8-7129] Port fifo_async_rd_reset in module axi_datamover_fifo__parameterized2 is either unconnected or has no load
INFO: [Synth 8-7129] Port fifo_async_rd_clk in module axi_datamover_fifo__parameterized2 is either unconnected or has no load
INFO: [Synth 8-7129] Port mstr2data_saddr_lsb[1] in module axi_datamover_rdmux is either unconnected or has no load
INFO: [Synth 8-7129] Port mstr2data_saddr_lsb[0] in module axi_datamover_rdmux is either unconnected or has no load
INFO: [Synth 8-7129] Port data2addr_data_rdy in module axi_datamover_addr_cntl is either unconnected or has no load
INFO: [Synth 8-7129] Port calc2rsc_calc_error in module axi_datamover_rd_status_cntl is either unconnected or has no load
INFO: [Synth 8-7129] Port addr2rsc_calc_error in module axi_datamover_rd_status_cntl is either unconnected or has no load
INFO: [Synth 8-7129] Port addr2rsc_fifo_empty in module axi_datamover_rd_status_cntl is either unconnected or has no load
INFO: [Synth 8-7129] Port mm2s_cmd_wdata[74] in module axi_datamover_mm2s_full_wrap is either unconnected or has no load
INFO: [Synth 8-7129] Port mm2s_cmd_wdata[73] in module axi_datamover_mm2s_full_wrap is either unconnected or has no load
INFO: [Synth 8-7129] Port mm2s_cmd_wdata[72] in module axi_datamover_mm2s_full_wrap is either unconnected or has no load
INFO: [Synth 8-7129] Port mm2s_cmd_wdata[71] in module axi_datamover_mm2s_full_wrap is either unconnected or has no load
INFO: [Synth 8-7129] Port mm2s_dbg_sel[3] in module axi_datamover_mm2s_full_wrap is either unconnected or has no load
INFO: [Synth 8-7129] Port mm2s_dbg_sel[2] in module axi_datamover_mm2s_full_wrap is either unconnected or has no load
INFO: [Synth 8-7129] Port mm2s_dbg_sel[1] in module axi_datamover_mm2s_full_wrap is either unconnected or has no load
INFO: [Synth 8-7129] Port reg2cntlr_sg_mode in module axi_cdma_simple_cntlr is either unconnected or has no load
INFO: [Synth 8-7129] Port mm2s2cntl_sts_tstrb[0] in module axi_cdma_simple_cntlr is either unconnected or has no load
INFO: [Synth 8-7129] Port s2mm2cntl_sts_tstrb[0] in module axi_cdma_simple_cntlr is either unconnected or has no load
INFO: [Synth 8-7129] Port axi2ip_wrce[15] in module axi_cdma_register is either unconnected or has no load
INFO: [Synth 8-7129] Port axi2ip_wrce[14] in module axi_cdma_register is either unconnected or has no load
INFO: [Synth 8-7129] Port axi2ip_wrce[13] in module axi_cdma_register is either unconnected or has no load
INFO: [Synth 8-7129] Port axi2ip_wrce[12] in module axi_cdma_register is either unconnected or has no load
INFO: [Synth 8-7129] Port axi2ip_wrce[11] in module axi_cdma_register is either unconnected or has no load
INFO: [Common 17-14] Message 'Synth 8-7129' appears 100 times and further instances of the messages will be disabled. Use the Tcl command set_msg_config to change the current settings.
---------------------------------------------------------------------------------
Finished RTL Elaboration : Time (s): cpu = 00:00:07 ; elapsed = 00:00:08 . Memory (MB): peak = 2347.676 ; gain = 627.531 ; free physical = 441 ; free virtual = 5811
---------------------------------------------------------------------------------
---------------------------------------------------------------------------------
Start Handling Custom Attributes
---------------------------------------------------------------------------------
---------------------------------------------------------------------------------
Finished Handling Custom Attributes : Time (s): cpu = 00:00:07 ; elapsed = 00:00:08 . Memory (MB): peak = 2356.582 ; gain = 636.438 ; free physical = 467 ; free virtual = 5771
---------------------------------------------------------------------------------
---------------------------------------------------------------------------------
Finished RTL Optimization Phase 1 : Time (s): cpu = 00:00:07 ; elapsed = 00:00:08 . Memory (MB): peak = 2356.582 ; gain = 636.438 ; free physical = 467 ; free virtual = 5771
---------------------------------------------------------------------------------
Netlist sorting complete. Time (s): cpu = 00:00:00.04 ; elapsed = 00:00:00.04 . Memory (MB): peak = 2356.582 ; gain = 0.000 ; free physical = 397 ; free virtual = 5704
INFO: [Project 1-570] Preparing netlist for logic optimization

Processing XDC Constraints
Initializing timing engine
Parsing XDC File [/home/ryanb/Documents/MINA/hw/custom_ip/MINA_proj/MINA_proj.gen/sources_1/bd/design_1/ip/design_1_axi_cdma_0_0/design_1_axi_cdma_0_0_ooc.xdc] for cell 'U0'
Finished Parsing XDC File [/home/ryanb/Documents/MINA/hw/custom_ip/MINA_proj/MINA_proj.gen/sources_1/bd/design_1/ip/design_1_axi_cdma_0_0/design_1_axi_cdma_0_0_ooc.xdc] for cell 'U0'
Parsing XDC File [/home/ryanb/Documents/MINA/hw/custom_ip/MINA_proj/MINA_proj.runs/design_1_axi_cdma_0_0_synth_1/dont_touch.xdc]
Finished Parsing XDC File [/home/ryanb/Documents/MINA/hw/custom_ip/MINA_proj/MINA_proj.runs/design_1_axi_cdma_0_0_synth_1/dont_touch.xdc]
Completed Processing XDC Constraints

Netlist sorting complete. Time (s): cpu = 00:00:00 ; elapsed = 00:00:00 . Memory (MB): peak = 2454.320 ; gain = 0.000 ; free physical = 1077 ; free virtual = 6416
INFO: [Project 1-111] Unisim Transformation Summary:
No Unisim elements were transformed.

Constraint Validation Runtime : Time (s): cpu = 00:00:00.06 ; elapsed = 00:00:00.03 . Memory (MB): peak = 2454.355 ; gain = 0.000 ; free physical = 1046 ; free virtual = 6400
INFO: [Designutils 20-5008] Incremental synthesis strategy off
---------------------------------------------------------------------------------
Finished Constraint Validation : Time (s): cpu = 00:00:15 ; elapsed = 00:00:15 . Memory (MB): peak = 2454.355 ; gain = 734.211 ; free physical = 490 ; free virtual = 5938
---------------------------------------------------------------------------------
---------------------------------------------------------------------------------
Start Loading Part and Timing Information
---------------------------------------------------------------------------------
Loading part: xc7s50csga324-1
---------------------------------------------------------------------------------
Finished Loading Part and Timing Information : Time (s): cpu = 00:00:15 ; elapsed = 00:00:15 . Memory (MB): peak = 2462.324 ; gain = 742.180 ; free physical = 490 ; free virtual = 5938
---------------------------------------------------------------------------------
---------------------------------------------------------------------------------
Start Applying 'set_property' XDC Constraints
---------------------------------------------------------------------------------
---------------------------------------------------------------------------------
Finished applying 'set_property' XDC Constraints : Time (s): cpu = 00:00:15 ; elapsed = 00:00:15 . Memory (MB): peak = 2462.324 ; gain = 742.180 ; free physical = 490 ; free virtual = 5937
---------------------------------------------------------------------------------
INFO: [Synth 8-802] inferred FSM for state register 'sig_sm_state_reg' in module 'axi_cdma_simple_cntlr'
INFO: [Synth 8-802] inferred FSM for state register 'sig_pcc_sm_state_reg' in module 'axi_datamover_pcc'
INFO: [Synth 8-802] inferred FSM for state register 'sig_pcc_sm_state_reg' in module 'axi_datamover_pcc__parameterized0'
---------------------------------------------------------------------------------------------------
                   State |                     New Encoding |                Previous Encoding 
---------------------------------------------------------------------------------------------------
                    init |                         00000001 |                              000
             wait_for_go |                         00000010 |                              001
               ld_dm_cmd |                         00000100 |                              010
         get_mm2s_status |                         00001000 |                              011
         get_s2mm_status |                         00010000 |                              100
            score_status |                         00100000 |                              101
               xfer_done |                         01000000 |                              110
              error_trap |                         10000000 |                              111
---------------------------------------------------------------------------------------------------
INFO: [Synth 8-3354] encoded FSM with state register 'sig_sm_state_reg' using encoding 'one-hot' in module 'axi_cdma_simple_cntlr'
---------------------------------------------------------------------------------------------------
                   State |                     New Encoding |                Previous Encoding 
---------------------------------------------------------------------------------------------------
                    init |                         00000001 |                              000
            wait_for_cmd |                         00000010 |                              001
                  calc_1 |                         00000100 |                              010
                  calc_2 |                         00001000 |                              011
                  calc_3 |                         00010000 |                              100
       wait_on_xfer_push |                         00100000 |                              101
             chk_if_done |                         01000000 |                              110
              error_trap |                         10000000 |                              111
---------------------------------------------------------------------------------------------------
INFO: [Synth 8-3354] encoded FSM with state register 'sig_pcc_sm_state_reg' using encoding 'one-hot' in module 'axi_datamover_pcc'
---------------------------------------------------------------------------------------------------
                   State |                     New Encoding |                Previous Encoding 
---------------------------------------------------------------------------------------------------
                    init |                         00000001 |                              000
            wait_for_cmd |                         00000010 |                              001
                  calc_1 |                         00000100 |                              010
                  calc_2 |                         00001000 |                              011
                  calc_3 |                         00010000 |                              100
       wait_on_xfer_push |                         00100000 |                              101
             chk_if_done |                         01000000 |                              110
              error_trap |                         10000000 |                              111
---------------------------------------------------------------------------------------------------
INFO: [Synth 8-3354] encoded FSM with state register 'sig_pcc_sm_state_reg' using encoding 'one-hot' in module 'axi_datamover_pcc__parameterized0'
---------------------------------------------------------------------------------
Finished RTL Optimization Phase 2 : Time (s): cpu = 00:00:16 ; elapsed = 00:00:16 . Memory (MB): peak = 2462.324 ; gain = 742.180 ; free physical = 376 ; free virtual = 5791
---------------------------------------------------------------------------------
---------------------------------------------------------------------------------
Start RTL Component Statistics 
---------------------------------------------------------------------------------
Detailed RTL Component Info : 
+---Adders : 
	   2 Input   16 Bit       Adders := 4     
	   2 Input    8 Bit       Adders := 2     
	   2 Input    7 Bit       Adders := 2     
	   2 Input    6 Bit       Adders := 2     
	   2 Input    4 Bit       Adders := 6     
	   3 Input    3 Bit       Adders := 2     
	   2 Input    3 Bit       Adders := 12    
	   2 Input    2 Bit       Adders := 4     
+---Registers : 
	               71 Bit    Registers := 2     
	               32 Bit    Registers := 11    
	               26 Bit    Registers := 2     
	               16 Bit    Registers := 12    
	                8 Bit    Registers := 9     
	                6 Bit    Registers := 5     
	                4 Bit    Registers := 30    
	                3 Bit    Registers := 10    
	                2 Bit    Registers := 8     
	                1 Bit    Registers := 270   
+---Muxes : 
	   2 Input   32 Bit        Muxes := 8     
	   2 Input   16 Bit        Muxes := 9     
	   2 Input    9 Bit        Muxes := 1     
	   8 Input    8 Bit        Muxes := 3     
	   2 Input    8 Bit        Muxes := 14    
	   2 Input    7 Bit        Muxes := 1     
	   2 Input    4 Bit        Muxes := 26    
	   4 Input    4 Bit        Muxes := 8     
	   2 Input    3 Bit        Muxes := 12    
	   3 Input    3 Bit        Muxes := 2     
	   2 Input    2 Bit        Muxes := 8     
	   2 Input    1 Bit        Muxes := 94    
	   8 Input    1 Bit        Muxes := 10    
---------------------------------------------------------------------------------
Finished RTL Component Statistics 
---------------------------------------------------------------------------------
---------------------------------------------------------------------------------
Start Part Resource Summary
---------------------------------------------------------------------------------
Part Resources:
DSPs: 120 (col length:60)
BRAMs: 150 (col length: RAMB18 60 RAMB36 30)
---------------------------------------------------------------------------------
Finished Part Resource Summary
---------------------------------------------------------------------------------
---------------------------------------------------------------------------------
Start Cross Boundary and Area Optimization
---------------------------------------------------------------------------------
INFO: [Synth 8-3332] Sequential element (GEN_SIMPLE_MODE.I_SIMPLE_MODE_WRAP/I_SIMPLE_DMA_CNTLR/FSM_onehot_sig_sm_state_reg[7]) is unused and will be removed from module axi_cdma.
---------------------------------------------------------------------------------
Finished Cross Boundary and Area Optimization : Time (s): cpu = 00:00:20 ; elapsed = 00:00:20 . Memory (MB): peak = 2462.324 ; gain = 742.180 ; free physical = 472 ; free virtual = 5441
---------------------------------------------------------------------------------
---------------------------------------------------------------------------------
Start Applying XDC Timing Constraints
---------------------------------------------------------------------------------
---------------------------------------------------------------------------------
Finished Applying XDC Timing Constraints : Time (s): cpu = 00:00:23 ; elapsed = 00:00:24 . Memory (MB): peak = 2491.324 ; gain = 771.180 ; free physical = 2222 ; free virtual = 7159
---------------------------------------------------------------------------------
---------------------------------------------------------------------------------
Start Timing Optimization
---------------------------------------------------------------------------------
---------------------------------------------------------------------------------
Finished Timing Optimization : Time (s): cpu = 00:00:30 ; elapsed = 00:00:32 . Memory (MB): peak = 2585.957 ; gain = 865.812 ; free physical = 3057 ; free virtual = 8000
---------------------------------------------------------------------------------
---------------------------------------------------------------------------------
Start Technology Mapping
---------------------------------------------------------------------------------
---------------------------------------------------------------------------------
Finished Technology Mapping : Time (s): cpu = 00:00:31 ; elapsed = 00:00:32 . Memory (MB): peak = 2602.980 ; gain = 882.836 ; free physical = 2569 ; free virtual = 7514
---------------------------------------------------------------------------------
---------------------------------------------------------------------------------
Start IO Insertion
---------------------------------------------------------------------------------
---------------------------------------------------------------------------------
Start Flattening Before IO Insertion
---------------------------------------------------------------------------------
---------------------------------------------------------------------------------
Finished Flattening Before IO Insertion
---------------------------------------------------------------------------------
---------------------------------------------------------------------------------
Start Final Netlist Cleanup
---------------------------------------------------------------------------------
---------------------------------------------------------------------------------
Finished Final Netlist Cleanup
---------------------------------------------------------------------------------
---------------------------------------------------------------------------------
Finished IO Insertion : Time (s): cpu = 00:00:36 ; elapsed = 00:00:37 . Memory (MB): peak = 2754.793 ; gain = 1034.648 ; free physical = 2541 ; free virtual = 7486
---------------------------------------------------------------------------------
---------------------------------------------------------------------------------
Start Renaming Generated Instances
---------------------------------------------------------------------------------
---------------------------------------------------------------------------------
Finished Renaming Generated Instances : Time (s): cpu = 00:00:36 ; elapsed = 00:00:37 . Memory (MB): peak = 2754.793 ; gain = 1034.648 ; free physical = 2532 ; free virtual = 7477
---------------------------------------------------------------------------------
---------------------------------------------------------------------------------
Start Rebuilding User Hierarchy
---------------------------------------------------------------------------------
---------------------------------------------------------------------------------
Finished Rebuilding User Hierarchy : Time (s): cpu = 00:00:36 ; elapsed = 00:00:37 . Memory (MB): peak = 2754.793 ; gain = 1034.648 ; free physical = 2489 ; free virtual = 7435
---------------------------------------------------------------------------------
---------------------------------------------------------------------------------
Start Renaming Generated Ports
---------------------------------------------------------------------------------
---------------------------------------------------------------------------------
Finished Renaming Generated Ports : Time (s): cpu = 00:00:36 ; elapsed = 00:00:37 . Memory (MB): peak = 2754.793 ; gain = 1034.648 ; free physical = 2481 ; free virtual = 7428
---------------------------------------------------------------------------------
---------------------------------------------------------------------------------
Start Handling Custom Attributes
---------------------------------------------------------------------------------
---------------------------------------------------------------------------------
Finished Handling Custom Attributes : Time (s): cpu = 00:00:36 ; elapsed = 00:00:37 . Memory (MB): peak = 2754.793 ; gain = 1034.648 ; free physical = 2472 ; free virtual = 7419
---------------------------------------------------------------------------------
---------------------------------------------------------------------------------
Start Renaming Generated Nets
---------------------------------------------------------------------------------
---------------------------------------------------------------------------------
Finished Renaming Generated Nets : Time (s): cpu = 00:00:36 ; elapsed = 00:00:37 . Memory (MB): peak = 2754.793 ; gain = 1034.648 ; free physical = 2460 ; free virtual = 7406
---------------------------------------------------------------------------------
---------------------------------------------------------------------------------
Start ROM, RAM, DSP, Shift Register and Retiming Reporting
---------------------------------------------------------------------------------

Dynamic Shift Register Report:
+------------+-------------+--------+------------+--------+---------+--------+--------+--------+
|Module Name | RTL Name    | Length | Data Width | SRL16E | SRLC32E | Mux F7 | Mux F8 | Mux F9 | 
+------------+-------------+--------+------------+--------+---------+--------+--------+--------+
|dsrl        | data_reg[3] | 59     | 59         | 59     | 0       | 0      | 0      | 0      | 
|dsrl__1     | data_reg[3] | 29     | 29         | 29     | 0       | 0      | 0      | 0      | 
|dsrl__2     | data_reg[5] | 2      | 2          | 2      | 0       | 0      | 0      | 0      | 
|dsrl__3     | data_reg[5] | 7      | 7          | 7      | 0       | 0      | 0      | 0      | 
|dsrl__4     | data_reg[3] | 27     | 27         | 27     | 0       | 0      | 0      | 0      | 
|dsrl__6     | data_reg[5] | 7      | 7          | 7      | 0       | 0      | 0      | 0      | 
+------------+-------------+--------+------------+--------+---------+--------+--------+--------+

---------------------------------------------------------------------------------
Finished ROM, RAM, DSP, Shift Register and Retiming Reporting
---------------------------------------------------------------------------------
---------------------------------------------------------------------------------
Start Writing Synthesis Report
---------------------------------------------------------------------------------

Report BlackBoxes: 
+-+--------------+----------+
| |BlackBox name |Instances |
+-+--------------+----------+
+-+--------------+----------+

Report Cell Usage: 
+------+-------+------+
|      |Cell   |Count |
+------+-------+------+
|1     |CARRY4 |    32|
|2     |LUT1   |    16|
|3     |LUT2   |    84|
|4     |LUT3   |   176|
|5     |LUT4   |   148|
|6     |LUT5   |   135|
|7     |LUT6   |   275|
|8     |SRL16E |   115|
|9     |FDRE   |   995|
|10    |FDSE   |    40|
+------+-------+------+
---------------------------------------------------------------------------------
Finished Writing Synthesis Report : Time (s): cpu = 00:00:36 ; elapsed = 00:00:37 . Memory (MB): peak = 2754.793 ; gain = 1034.648 ; free physical = 2460 ; free virtual = 7406
---------------------------------------------------------------------------------
Synthesis finished with 0 errors, 0 critical warnings and 0 warnings.
Synthesis Optimization Runtime : Time (s): cpu = 00:00:34 ; elapsed = 00:00:36 . Memory (MB): peak = 2754.793 ; gain = 936.875 ; free physical = 2410 ; free virtual = 7359
Synthesis Optimization Complete : Time (s): cpu = 00:00:36 ; elapsed = 00:00:38 . Memory (MB): peak = 2754.801 ; gain = 1034.648 ; free physical = 2410 ; free virtual = 7359
INFO: [Project 1-571] Translating synthesized netlist
Netlist sorting complete. Time (s): cpu = 00:00:00.03 ; elapsed = 00:00:00.02 . Memory (MB): peak = 2754.801 ; gain = 0.000 ; free physical = 2363 ; free virtual = 7310
INFO: [Netlist 29-17] Analyzing 32 Unisim elements for replacement
INFO: [Netlist 29-28] Unisim Transformation completed in 0 CPU seconds
INFO: [Project 1-570] Preparing netlist for logic optimization
INFO: [Opt 31-138] Pushed 0 inverter(s) to 0 load pin(s).
Netlist sorting complete. Time (s): cpu = 00:00:00 ; elapsed = 00:00:00 . Memory (MB): peak = 2810.820 ; gain = 0.000 ; free physical = 1912 ; free virtual = 6859
INFO: [Project 1-111] Unisim Transformation Summary:
No Unisim elements were transformed.

Synth Design complete | Checksum: 4fb1d83a
INFO: [Common 17-83] Releasing license: Synthesis
242 Infos, 0 Warnings, 0 Critical Warnings and 0 Errors encountered.
synth_design completed successfully
synth_design: Time (s): cpu = 00:00:42 ; elapsed = 00:00:41 . Memory (MB): peak = 2810.855 ; gain = 1228.789 ; free physical = 1741 ; free virtual = 6688
INFO: [Common 17-2834] synth_design peak Physical Memory [PSS] (MB): overall = 1726.296; main = 1679.379; forked = 203.097
INFO: [Common 17-2834] synth_design peak Virtual Memory [VSS] (MB): overall = 3573.953; main = 2810.824; forked = 989.992
Write ShapeDB Complete: Time (s): cpu = 00:00:00.01 ; elapsed = 00:00:00 . Memory (MB): peak = 2834.832 ; gain = 0.000 ; free physical = 1722 ; free virtual = 6669
INFO: [Common 17-1381] The checkpoint '/home/ryanb/Documents/MINA/hw/custom_ip/MINA_proj/MINA_proj.runs/design_1_axi_cdma_0_0_synth_1/design_1_axi_cdma_0_0.dcp' has been generated.
INFO: [Coretcl 2-1648] Added synthesis output to IP cache for IP design_1_axi_cdma_0_0, cache-ID = 94d3f78465451e53
INFO: [Coretcl 2-1174] Renamed 44 cell refs.
Write ShapeDB Complete: Time (s): cpu = 00:00:00 ; elapsed = 00:00:00 . Memory (MB): peak = 2834.832 ; gain = 0.000 ; free physical = 1296 ; free virtual = 6245
INFO: [Common 17-1381] The checkpoint '/home/ryanb/Documents/MINA/hw/custom_ip/MINA_proj/MINA_proj.runs/design_1_axi_cdma_0_0_synth_1/design_1_axi_cdma_0_0.dcp' has been generated.
INFO: [Vivado 12-24828] Executing command : report_utilization -file design_1_axi_cdma_0_0_utilization_synth.rpt -pb design_1_axi_cdma_0_0_utilization_synth.pb
INFO: [Common 17-206] Exiting Vivado at Sun Sep  6 16:33:51 2026...
