
*** Running vivado
    with args -log design_1_axi_bram_ctrl_0_1.vds -m64 -product Vivado -mode batch -messageDb vivado.pb -notrace -source design_1_axi_bram_ctrl_0_1.tcl


****** Vivado v2025.2 (64-bit)
  **** SW Build 6299465 on Fri Nov 14 12:34:56 MST 2025
  **** IP Build 6300035 on Fri Nov 14 10:48:45 MST 2025
  **** SharedData Build 6298862 on Thu Nov 13 04:50:51 MST 2025
  **** Start of session at: Sun Sep  6 16:32:59 2026
    ** Copyright 1986-2022 Xilinx, Inc. All Rights Reserved.
    ** Copyright 2022-2025 Advanced Micro Devices, Inc. All Rights Reserved.

source design_1_axi_bram_ctrl_0_1.tcl -notrace
create_project: Time (s): cpu = 00:00:12 ; elapsed = 00:00:07 . Memory (MB): peak = 1606.668 ; gain = 64.055 ; free physical = 4733 ; free virtual = 11895
Command: synth_design -top design_1_axi_bram_ctrl_0_1 -part xc7s50csga324-1 -incremental_mode off -mode out_of_context
Starting synth_design
Attempting to get a license for feature 'Synthesis' and/or device 'xc7s50'
INFO: [Common 17-349] Got license for feature 'Synthesis' and/or device 'xc7s50'
INFO: [Device 21-403] Loading part xc7s50csga324-1
INFO: [Synth 8-7079] Multithreading enabled for synth_design using a maximum of 7 processes.
INFO: [Synth 8-7078] Launching helper process for spawning children vivado processes
INFO: [Synth 8-7075] Helper process launched with PID 175749
---------------------------------------------------------------------------------
Starting RTL Elaboration : Time (s): cpu = 00:00:05 ; elapsed = 00:00:05 . Memory (MB): peak = 2201.809 ; gain = 480.875 ; free physical = 460 ; free virtual = 6939
---------------------------------------------------------------------------------
INFO: [Synth 8-638] synthesizing module 'design_1_axi_bram_ctrl_0_1' [/home/ryanb/Documents/MINA/hw/custom_ip/MINA_proj/MINA_proj.gen/sources_1/bd/design_1/ip/design_1_axi_bram_ctrl_0_1/synth/design_1_axi_bram_ctrl_0_1.vhd:108]
	Parameter C_BRAM_INST_MODE bound to: EXTERNAL - type: string 
	Parameter C_MEMORY_DEPTH bound to: 4096 - type: integer 
	Parameter C_BRAM_ADDR_WIDTH bound to: 12 - type: integer 
	Parameter C_S_AXI_ADDR_WIDTH bound to: 14 - type: integer 
	Parameter C_S_AXI_DATA_WIDTH bound to: 32 - type: integer 
	Parameter C_S_AXI_ID_WIDTH bound to: 1 - type: integer 
	Parameter C_S_AXI_PROTOCOL bound to: AXI4 - type: string 
	Parameter C_S_AXI_SUPPORTS_NARROW_BURST bound to: 1 - type: integer 
	Parameter C_SINGLE_PORT_BRAM bound to: 1 - type: integer 
	Parameter C_FAMILY bound to: spartan7 - type: string 
	Parameter C_READ_LATENCY bound to: 1 - type: integer 
	Parameter C_RD_CMD_OPTIMIZATION bound to: 0 - type: integer 
	Parameter C_S_AXI_CTRL_ADDR_WIDTH bound to: 32 - type: integer 
	Parameter C_S_AXI_CTRL_DATA_WIDTH bound to: 32 - type: integer 
	Parameter C_ECC bound to: 0 - type: integer 
	Parameter C_ECC_TYPE bound to: 0 - type: integer 
	Parameter C_FAULT_INJECT bound to: 0 - type: integer 
	Parameter C_ECC_ONOFF_RESET_VALUE bound to: 0 - type: integer 
INFO: [Synth 8-3491] module 'axi_bram_ctrl' declared at '/home/ryanb/Documents/MINA/hw/custom_ip/MINA_proj/MINA_proj.gen/sources_1/bd/design_1/ipshared/2f03/hdl/axi_bram_ctrl_v4_1_rfs.vhd:31263' bound to instance 'U0' of component 'axi_bram_ctrl' [/home/ryanb/Documents/MINA/hw/custom_ip/MINA_proj/MINA_proj.gen/sources_1/bd/design_1/ip/design_1_axi_bram_ctrl_0_1/synth/design_1_axi_bram_ctrl_0_1.vhd:268]
INFO: [Synth 8-638] synthesizing module 'axi_bram_ctrl' [/home/ryanb/Documents/MINA/hw/custom_ip/MINA_proj/MINA_proj.gen/sources_1/bd/design_1/ipshared/2f03/hdl/axi_bram_ctrl_v4_1_rfs.vhd:31434]
INFO: [Synth 8-638] synthesizing module 'axi_bram_ctrl_top' [/home/ryanb/Documents/MINA/hw/custom_ip/MINA_proj/MINA_proj.gen/sources_1/bd/design_1/ipshared/2f03/hdl/axi_bram_ctrl_v4_1_rfs.vhd:30438]
INFO: [Synth 8-638] synthesizing module 'full_axi' [/home/ryanb/Documents/MINA/hw/custom_ip/MINA_proj/MINA_proj.gen/sources_1/bd/design_1/ipshared/2f03/hdl/axi_bram_ctrl_v4_1_rfs.vhd:29196]
WARNING: [Synth 8-6774] Null subtype or type declaration found [/home/ryanb/Documents/MINA/hw/custom_ip/MINA_proj/MINA_proj.gen/sources_1/bd/design_1/ipshared/2f03/hdl/axi_bram_ctrl_v4_1_rfs.vhd:29266]
INFO: [Synth 8-3919] null assignment ignored [/home/ryanb/Documents/MINA/hw/custom_ip/MINA_proj/MINA_proj.gen/sources_1/bd/design_1/ipshared/2f03/hdl/axi_bram_ctrl_v4_1_rfs.vhd:29266]
INFO: [Synth 8-3919] null assignment ignored [/home/ryanb/Documents/MINA/hw/custom_ip/MINA_proj/MINA_proj.gen/sources_1/bd/design_1/ipshared/2f03/hdl/axi_bram_ctrl_v4_1_rfs.vhd:29472]
INFO: [Synth 8-638] synthesizing module 'sng_port_arb' [/home/ryanb/Documents/MINA/hw/custom_ip/MINA_proj/MINA_proj.gen/sources_1/bd/design_1/ipshared/2f03/hdl/axi_bram_ctrl_v4_1_rfs.vhd:11397]
INFO: [Synth 8-256] done synthesizing module 'sng_port_arb' (0#1) [/home/ryanb/Documents/MINA/hw/custom_ip/MINA_proj/MINA_proj.gen/sources_1/bd/design_1/ipshared/2f03/hdl/axi_bram_ctrl_v4_1_rfs.vhd:11397]
INFO: [Synth 8-638] synthesizing module 'wr_chnl' [/home/ryanb/Documents/MINA/hw/custom_ip/MINA_proj/MINA_proj.gen/sources_1/bd/design_1/ipshared/2f03/hdl/axi_bram_ctrl_v4_1_rfs.vhd:24080]
INFO: [Synth 8-506] null port 'FaultInjectECC' ignored [/home/ryanb/Documents/MINA/hw/custom_ip/MINA_proj/MINA_proj.gen/sources_1/bd/design_1/ipshared/2f03/hdl/axi_bram_ctrl_v4_1_rfs.vhd:24047]
INFO: [Synth 8-638] synthesizing module 'wrap_brst' [/home/ryanb/Documents/MINA/hw/custom_ip/MINA_proj/MINA_proj.gen/sources_1/bd/design_1/ipshared/2f03/hdl/axi_bram_ctrl_v4_1_rfs.vhd:12386]
INFO: [Synth 8-256] done synthesizing module 'wrap_brst' (0#1) [/home/ryanb/Documents/MINA/hw/custom_ip/MINA_proj/MINA_proj.gen/sources_1/bd/design_1/ipshared/2f03/hdl/axi_bram_ctrl_v4_1_rfs.vhd:12386]
INFO: [Synth 8-226] default block is never used [/home/ryanb/Documents/MINA/hw/custom_ip/MINA_proj/MINA_proj.gen/sources_1/bd/design_1/ipshared/2f03/hdl/axi_bram_ctrl_v4_1_rfs.vhd:25423]
INFO: [Synth 8-638] synthesizing module 'ua_narrow' [/home/ryanb/Documents/MINA/hw/custom_ip/MINA_proj/MINA_proj.gen/sources_1/bd/design_1/ipshared/2f03/hdl/axi_bram_ctrl_v4_1_rfs.vhd:11925]
INFO: [Synth 8-226] default block is never used [/home/ryanb/Documents/MINA/hw/custom_ip/MINA_proj/MINA_proj.gen/sources_1/bd/design_1/ipshared/2f03/hdl/axi_bram_ctrl_v4_1_rfs.vhd:12104]
INFO: [Synth 8-226] default block is never used [/home/ryanb/Documents/MINA/hw/custom_ip/MINA_proj/MINA_proj.gen/sources_1/bd/design_1/ipshared/2f03/hdl/axi_bram_ctrl_v4_1_rfs.vhd:12143]
INFO: [Synth 8-256] done synthesizing module 'ua_narrow' (0#1) [/home/ryanb/Documents/MINA/hw/custom_ip/MINA_proj/MINA_proj.gen/sources_1/bd/design_1/ipshared/2f03/hdl/axi_bram_ctrl_v4_1_rfs.vhd:11925]
INFO: [Synth 8-638] synthesizing module 'SRL_FIFO' [/home/ryanb/Documents/MINA/hw/custom_ip/MINA_proj/MINA_proj.gen/sources_1/bd/design_1/ipshared/2f03/hdl/axi_bram_ctrl_v4_1_rfs.vhd:91]
INFO: [Synth 8-3491] module 'FDR' declared at '/opt/Xilinx/2025.2/Vivado/scripts/rt/data/unisim_comp.v:49383' bound to instance 'Data_Exists_DFF' of component 'FDR' [/home/ryanb/Documents/MINA/hw/custom_ip/MINA_proj/MINA_proj.gen/sources_1/bd/design_1/ipshared/2f03/hdl/axi_bram_ctrl_v4_1_rfs.vhd:188]
INFO: [Synth 8-6157] synthesizing module 'FDR' [/opt/Xilinx/2025.2/Vivado/scripts/rt/data/unisim_comp.v:49383]
INFO: [Synth 8-6155] done synthesizing module 'FDR' (0#1) [/opt/Xilinx/2025.2/Vivado/scripts/rt/data/unisim_comp.v:49383]
INFO: [Synth 8-3491] module 'MUXCY_L' declared at '/opt/Xilinx/2025.2/Vivado/scripts/rt/data/unisim_comp.v:104872' bound to instance 'MUXCY_L_I' of component 'MUXCY_L' [/home/ryanb/Documents/MINA/hw/custom_ip/MINA_proj/MINA_proj.gen/sources_1/bd/design_1/ipshared/2f03/hdl/axi_bram_ctrl_v4_1_rfs.vhd:205]
INFO: [Synth 8-6157] synthesizing module 'MUXCY_L' [/opt/Xilinx/2025.2/Vivado/scripts/rt/data/unisim_comp.v:104872]
INFO: [Synth 8-6155] done synthesizing module 'MUXCY_L' (0#1) [/opt/Xilinx/2025.2/Vivado/scripts/rt/data/unisim_comp.v:104872]
INFO: [Synth 8-3491] module 'XORCY' declared at '/opt/Xilinx/2025.2/Vivado/scripts/rt/data/unisim_comp.v:171315' bound to instance 'XORCY_I' of component 'XORCY' [/home/ryanb/Documents/MINA/hw/custom_ip/MINA_proj/MINA_proj.gen/sources_1/bd/design_1/ipshared/2f03/hdl/axi_bram_ctrl_v4_1_rfs.vhd:212]
INFO: [Synth 8-6157] synthesizing module 'XORCY' [/opt/Xilinx/2025.2/Vivado/scripts/rt/data/unisim_comp.v:171315]
INFO: [Synth 8-6155] done synthesizing module 'XORCY' (0#1) [/opt/Xilinx/2025.2/Vivado/scripts/rt/data/unisim_comp.v:171315]
INFO: [Synth 8-3491] module 'FDRE' declared at '/opt/Xilinx/2025.2/Vivado/scripts/rt/data/unisim_comp.v:49396' bound to instance 'FDRE_I' of component 'FDRE' [/home/ryanb/Documents/MINA/hw/custom_ip/MINA_proj/MINA_proj.gen/sources_1/bd/design_1/ipshared/2f03/hdl/axi_bram_ctrl_v4_1_rfs.vhd:218]
INFO: [Synth 8-6157] synthesizing module 'FDRE' [/opt/Xilinx/2025.2/Vivado/scripts/rt/data/unisim_comp.v:49396]
INFO: [Synth 8-6155] done synthesizing module 'FDRE' (0#1) [/opt/Xilinx/2025.2/Vivado/scripts/rt/data/unisim_comp.v:49396]
INFO: [Synth 8-3491] module 'MUXCY_L' declared at '/opt/Xilinx/2025.2/Vivado/scripts/rt/data/unisim_comp.v:104872' bound to instance 'MUXCY_L_I' of component 'MUXCY_L' [/home/ryanb/Documents/MINA/hw/custom_ip/MINA_proj/MINA_proj.gen/sources_1/bd/design_1/ipshared/2f03/hdl/axi_bram_ctrl_v4_1_rfs.vhd:205]
INFO: [Synth 8-3491] module 'XORCY' declared at '/opt/Xilinx/2025.2/Vivado/scripts/rt/data/unisim_comp.v:171315' bound to instance 'XORCY_I' of component 'XORCY' [/home/ryanb/Documents/MINA/hw/custom_ip/MINA_proj/MINA_proj.gen/sources_1/bd/design_1/ipshared/2f03/hdl/axi_bram_ctrl_v4_1_rfs.vhd:212]
INFO: [Synth 8-3491] module 'FDRE' declared at '/opt/Xilinx/2025.2/Vivado/scripts/rt/data/unisim_comp.v:49396' bound to instance 'FDRE_I' of component 'FDRE' [/home/ryanb/Documents/MINA/hw/custom_ip/MINA_proj/MINA_proj.gen/sources_1/bd/design_1/ipshared/2f03/hdl/axi_bram_ctrl_v4_1_rfs.vhd:218]
INFO: [Synth 8-3491] module 'MUXCY_L' declared at '/opt/Xilinx/2025.2/Vivado/scripts/rt/data/unisim_comp.v:104872' bound to instance 'MUXCY_L_I' of component 'MUXCY_L' [/home/ryanb/Documents/MINA/hw/custom_ip/MINA_proj/MINA_proj.gen/sources_1/bd/design_1/ipshared/2f03/hdl/axi_bram_ctrl_v4_1_rfs.vhd:205]
INFO: [Synth 8-3491] module 'XORCY' declared at '/opt/Xilinx/2025.2/Vivado/scripts/rt/data/unisim_comp.v:171315' bound to instance 'XORCY_I' of component 'XORCY' [/home/ryanb/Documents/MINA/hw/custom_ip/MINA_proj/MINA_proj.gen/sources_1/bd/design_1/ipshared/2f03/hdl/axi_bram_ctrl_v4_1_rfs.vhd:212]
INFO: [Synth 8-3491] module 'FDRE' declared at '/opt/Xilinx/2025.2/Vivado/scripts/rt/data/unisim_comp.v:49396' bound to instance 'FDRE_I' of component 'FDRE' [/home/ryanb/Documents/MINA/hw/custom_ip/MINA_proj/MINA_proj.gen/sources_1/bd/design_1/ipshared/2f03/hdl/axi_bram_ctrl_v4_1_rfs.vhd:218]
INFO: [Synth 8-3491] module 'MUXCY_L' declared at '/opt/Xilinx/2025.2/Vivado/scripts/rt/data/unisim_comp.v:104872' bound to instance 'MUXCY_L_I' of component 'MUXCY_L' [/home/ryanb/Documents/MINA/hw/custom_ip/MINA_proj/MINA_proj.gen/sources_1/bd/design_1/ipshared/2f03/hdl/axi_bram_ctrl_v4_1_rfs.vhd:205]
INFO: [Synth 8-3491] module 'XORCY' declared at '/opt/Xilinx/2025.2/Vivado/scripts/rt/data/unisim_comp.v:171315' bound to instance 'XORCY_I' of component 'XORCY' [/home/ryanb/Documents/MINA/hw/custom_ip/MINA_proj/MINA_proj.gen/sources_1/bd/design_1/ipshared/2f03/hdl/axi_bram_ctrl_v4_1_rfs.vhd:212]
INFO: [Synth 8-3491] module 'FDRE' declared at '/opt/Xilinx/2025.2/Vivado/scripts/rt/data/unisim_comp.v:49396' bound to instance 'FDRE_I' of component 'FDRE' [/home/ryanb/Documents/MINA/hw/custom_ip/MINA_proj/MINA_proj.gen/sources_1/bd/design_1/ipshared/2f03/hdl/axi_bram_ctrl_v4_1_rfs.vhd:218]
INFO: [Synth 8-3491] module 'SRL16E' declared at '/opt/Xilinx/2025.2/Vivado/scripts/rt/data/unisim_comp.v:165334' bound to instance 'SRL16E_I' of component 'SRL16E' [/home/ryanb/Documents/MINA/hw/custom_ip/MINA_proj/MINA_proj.gen/sources_1/bd/design_1/ipshared/2f03/hdl/axi_bram_ctrl_v4_1_rfs.vhd:229]
INFO: [Synth 8-6157] synthesizing module 'SRL16E' [/opt/Xilinx/2025.2/Vivado/scripts/rt/data/unisim_comp.v:165334]
INFO: [Synth 8-6155] done synthesizing module 'SRL16E' (0#1) [/opt/Xilinx/2025.2/Vivado/scripts/rt/data/unisim_comp.v:165334]
INFO: [Synth 8-256] done synthesizing module 'SRL_FIFO' (0#1) [/home/ryanb/Documents/MINA/hw/custom_ip/MINA_proj/MINA_proj.gen/sources_1/bd/design_1/ipshared/2f03/hdl/axi_bram_ctrl_v4_1_rfs.vhd:91]
INFO: [Synth 8-256] done synthesizing module 'wr_chnl' (0#1) [/home/ryanb/Documents/MINA/hw/custom_ip/MINA_proj/MINA_proj.gen/sources_1/bd/design_1/ipshared/2f03/hdl/axi_bram_ctrl_v4_1_rfs.vhd:24080]
WARNING: [Synth 8-6778] Component port with null array found, Will be ignored [/home/ryanb/Documents/MINA/hw/custom_ip/MINA_proj/MINA_proj.gen/sources_1/bd/design_1/ipshared/2f03/hdl/axi_bram_ctrl_v4_1_rfs.vhd:29936]
INFO: [Synth 8-638] synthesizing module 'rd_chnl' [/home/ryanb/Documents/MINA/hw/custom_ip/MINA_proj/MINA_proj.gen/sources_1/bd/design_1/ipshared/2f03/hdl/axi_bram_ctrl_v4_1_rfs.vhd:14672]
INFO: [Synth 8-226] default block is never used [/home/ryanb/Documents/MINA/hw/custom_ip/MINA_proj/MINA_proj.gen/sources_1/bd/design_1/ipshared/2f03/hdl/axi_bram_ctrl_v4_1_rfs.vhd:16057]
INFO: [Synth 8-256] done synthesizing module 'rd_chnl' (0#1) [/home/ryanb/Documents/MINA/hw/custom_ip/MINA_proj/MINA_proj.gen/sources_1/bd/design_1/ipshared/2f03/hdl/axi_bram_ctrl_v4_1_rfs.vhd:14672]
INFO: [Synth 8-256] done synthesizing module 'full_axi' (0#1) [/home/ryanb/Documents/MINA/hw/custom_ip/MINA_proj/MINA_proj.gen/sources_1/bd/design_1/ipshared/2f03/hdl/axi_bram_ctrl_v4_1_rfs.vhd:29196]
INFO: [Synth 8-256] done synthesizing module 'axi_bram_ctrl_top' (0#1) [/home/ryanb/Documents/MINA/hw/custom_ip/MINA_proj/MINA_proj.gen/sources_1/bd/design_1/ipshared/2f03/hdl/axi_bram_ctrl_v4_1_rfs.vhd:30438]
INFO: [Synth 8-256] done synthesizing module 'axi_bram_ctrl' (0#1) [/home/ryanb/Documents/MINA/hw/custom_ip/MINA_proj/MINA_proj.gen/sources_1/bd/design_1/ipshared/2f03/hdl/axi_bram_ctrl_v4_1_rfs.vhd:31434]
INFO: [Synth 8-256] done synthesizing module 'design_1_axi_bram_ctrl_0_1' (0#1) [/home/ryanb/Documents/MINA/hw/custom_ip/MINA_proj/MINA_proj.gen/sources_1/bd/design_1/ip/design_1_axi_bram_ctrl_0_1/synth/design_1_axi_bram_ctrl_0_1.vhd:108]
INFO: [Synth 8-6014] Unused sequential element curr_awsize_reg_reg was removed.  [/home/ryanb/Documents/MINA/hw/custom_ip/MINA_proj/MINA_proj.gen/sources_1/bd/design_1/ipshared/2f03/hdl/axi_bram_ctrl_v4_1_rfs.vhd:25239]
INFO: [Synth 8-6014] Unused sequential element curr_awlen_reg_1_or_2_reg was removed.  [/home/ryanb/Documents/MINA/hw/custom_ip/MINA_proj/MINA_proj.gen/sources_1/bd/design_1/ipshared/2f03/hdl/axi_bram_ctrl_v4_1_rfs.vhd:25517]
INFO: [Synth 8-6014] Unused sequential element GEN_NO_RD_CMD_OPT.axi_arsize_pipe_max_reg was removed.  [/home/ryanb/Documents/MINA/hw/custom_ip/MINA_proj/MINA_proj.gen/sources_1/bd/design_1/ipshared/2f03/hdl/axi_bram_ctrl_v4_1_rfs.vhd:15432]
INFO: [Synth 8-6014] Unused sequential element GEN_NO_RD_CMD_OPT.curr_arsize_reg_reg was removed.  [/home/ryanb/Documents/MINA/hw/custom_ip/MINA_proj/MINA_proj.gen/sources_1/bd/design_1/ipshared/2f03/hdl/axi_bram_ctrl_v4_1_rfs.vhd:15924]
INFO: [Synth 8-6014] Unused sequential element GEN_NO_RD_CMD_OPT.no_ar_ack_reg was removed.  [/home/ryanb/Documents/MINA/hw/custom_ip/MINA_proj/MINA_proj.gen/sources_1/bd/design_1/ipshared/2f03/hdl/axi_bram_ctrl_v4_1_rfs.vhd:19829]
INFO: [Synth 8-6014] Unused sequential element GEN_NO_RD_CMD_OPT.do_cmplt_burst_reg was removed.  [/home/ryanb/Documents/MINA/hw/custom_ip/MINA_proj/MINA_proj.gen/sources_1/bd/design_1/ipshared/2f03/hdl/axi_bram_ctrl_v4_1_rfs.vhd:21170]
INFO: [Synth 8-7129] Port curr_axlen[7] in module wrap_brst is either unconnected or has no load
INFO: [Synth 8-7129] Port curr_axlen[6] in module wrap_brst is either unconnected or has no load
INFO: [Synth 8-7129] Port curr_axlen[5] in module wrap_brst is either unconnected or has no load
INFO: [Synth 8-7129] Port curr_axlen[4] in module wrap_brst is either unconnected or has no load
INFO: [Synth 8-7129] Port bram_addr_ld[2] in module wrap_brst is either unconnected or has no load
INFO: [Synth 8-7129] Port bram_addr_int[13] in module wrap_brst is either unconnected or has no load
INFO: [Synth 8-7129] Port bram_addr_int[12] in module wrap_brst is either unconnected or has no load
INFO: [Synth 8-7129] Port bram_addr_int[11] in module wrap_brst is either unconnected or has no load
INFO: [Synth 8-7129] Port bram_addr_int[10] in module wrap_brst is either unconnected or has no load
INFO: [Synth 8-7129] Port bram_addr_int[9] in module wrap_brst is either unconnected or has no load
INFO: [Synth 8-7129] Port bram_addr_int[8] in module wrap_brst is either unconnected or has no load
INFO: [Synth 8-7129] Port bram_addr_int[7] in module wrap_brst is either unconnected or has no load
INFO: [Synth 8-7129] Port bram_addr_int[6] in module wrap_brst is either unconnected or has no load
INFO: [Synth 8-7129] Port AXI_ARLOCK in module rd_chnl is either unconnected or has no load
INFO: [Synth 8-7129] Port AXI_ARCACHE[3] in module rd_chnl is either unconnected or has no load
INFO: [Synth 8-7129] Port AXI_ARCACHE[2] in module rd_chnl is either unconnected or has no load
INFO: [Synth 8-7129] Port AXI_ARCACHE[1] in module rd_chnl is either unconnected or has no load
INFO: [Synth 8-7129] Port AXI_ARCACHE[0] in module rd_chnl is either unconnected or has no load
INFO: [Synth 8-7129] Port AXI_ARPROT[2] in module rd_chnl is either unconnected or has no load
INFO: [Synth 8-7129] Port AXI_ARPROT[1] in module rd_chnl is either unconnected or has no load
INFO: [Synth 8-7129] Port AXI_ARPROT[0] in module rd_chnl is either unconnected or has no load
INFO: [Synth 8-7129] Port AXI_ARVALID in module rd_chnl is either unconnected or has no load
INFO: [Synth 8-7129] Port Enable_ECC in module rd_chnl is either unconnected or has no load
INFO: [Synth 8-7129] Port Sng_arb_Arready in module rd_chnl is either unconnected or has no load
INFO: [Synth 8-7129] Port AXI_AWLOCK in module wr_chnl is either unconnected or has no load
INFO: [Synth 8-7129] Port AXI_AWCACHE[3] in module wr_chnl is either unconnected or has no load
INFO: [Synth 8-7129] Port AXI_AWCACHE[2] in module wr_chnl is either unconnected or has no load
INFO: [Synth 8-7129] Port AXI_AWCACHE[1] in module wr_chnl is either unconnected or has no load
INFO: [Synth 8-7129] Port AXI_AWCACHE[0] in module wr_chnl is either unconnected or has no load
INFO: [Synth 8-7129] Port AXI_AWPROT[2] in module wr_chnl is either unconnected or has no load
INFO: [Synth 8-7129] Port AXI_AWPROT[1] in module wr_chnl is either unconnected or has no load
INFO: [Synth 8-7129] Port AXI_AWPROT[0] in module wr_chnl is either unconnected or has no load
INFO: [Synth 8-7129] Port Enable_ECC in module wr_chnl is either unconnected or has no load
INFO: [Synth 8-7129] Port FaultInjectData[31] in module wr_chnl is either unconnected or has no load
INFO: [Synth 8-7129] Port FaultInjectData[30] in module wr_chnl is either unconnected or has no load
INFO: [Synth 8-7129] Port FaultInjectData[29] in module wr_chnl is either unconnected or has no load
INFO: [Synth 8-7129] Port FaultInjectData[28] in module wr_chnl is either unconnected or has no load
INFO: [Synth 8-7129] Port FaultInjectData[27] in module wr_chnl is either unconnected or has no load
INFO: [Synth 8-7129] Port FaultInjectData[26] in module wr_chnl is either unconnected or has no load
INFO: [Synth 8-7129] Port FaultInjectData[25] in module wr_chnl is either unconnected or has no load
INFO: [Synth 8-7129] Port FaultInjectData[24] in module wr_chnl is either unconnected or has no load
INFO: [Synth 8-7129] Port FaultInjectData[23] in module wr_chnl is either unconnected or has no load
INFO: [Synth 8-7129] Port FaultInjectData[22] in module wr_chnl is either unconnected or has no load
INFO: [Synth 8-7129] Port FaultInjectData[21] in module wr_chnl is either unconnected or has no load
INFO: [Synth 8-7129] Port FaultInjectData[20] in module wr_chnl is either unconnected or has no load
INFO: [Synth 8-7129] Port FaultInjectData[19] in module wr_chnl is either unconnected or has no load
INFO: [Synth 8-7129] Port FaultInjectData[18] in module wr_chnl is either unconnected or has no load
INFO: [Synth 8-7129] Port FaultInjectData[17] in module wr_chnl is either unconnected or has no load
INFO: [Synth 8-7129] Port FaultInjectData[16] in module wr_chnl is either unconnected or has no load
INFO: [Synth 8-7129] Port FaultInjectData[15] in module wr_chnl is either unconnected or has no load
INFO: [Synth 8-7129] Port FaultInjectData[14] in module wr_chnl is either unconnected or has no load
INFO: [Synth 8-7129] Port FaultInjectData[13] in module wr_chnl is either unconnected or has no load
INFO: [Synth 8-7129] Port FaultInjectData[12] in module wr_chnl is either unconnected or has no load
INFO: [Synth 8-7129] Port FaultInjectData[11] in module wr_chnl is either unconnected or has no load
INFO: [Synth 8-7129] Port FaultInjectData[10] in module wr_chnl is either unconnected or has no load
INFO: [Synth 8-7129] Port FaultInjectData[9] in module wr_chnl is either unconnected or has no load
INFO: [Synth 8-7129] Port FaultInjectData[8] in module wr_chnl is either unconnected or has no load
INFO: [Synth 8-7129] Port FaultInjectData[7] in module wr_chnl is either unconnected or has no load
INFO: [Synth 8-7129] Port FaultInjectData[6] in module wr_chnl is either unconnected or has no load
INFO: [Synth 8-7129] Port FaultInjectData[5] in module wr_chnl is either unconnected or has no load
INFO: [Synth 8-7129] Port FaultInjectData[4] in module wr_chnl is either unconnected or has no load
INFO: [Synth 8-7129] Port FaultInjectData[3] in module wr_chnl is either unconnected or has no load
INFO: [Synth 8-7129] Port FaultInjectData[2] in module wr_chnl is either unconnected or has no load
INFO: [Synth 8-7129] Port FaultInjectData[1] in module wr_chnl is either unconnected or has no load
INFO: [Synth 8-7129] Port FaultInjectData[0] in module wr_chnl is either unconnected or has no load
INFO: [Synth 8-7129] Port BRAM_RdData[31] in module wr_chnl is either unconnected or has no load
INFO: [Synth 8-7129] Port BRAM_RdData[30] in module wr_chnl is either unconnected or has no load
INFO: [Synth 8-7129] Port BRAM_RdData[29] in module wr_chnl is either unconnected or has no load
INFO: [Synth 8-7129] Port BRAM_RdData[28] in module wr_chnl is either unconnected or has no load
INFO: [Synth 8-7129] Port BRAM_RdData[27] in module wr_chnl is either unconnected or has no load
INFO: [Synth 8-7129] Port BRAM_RdData[26] in module wr_chnl is either unconnected or has no load
INFO: [Synth 8-7129] Port BRAM_RdData[25] in module wr_chnl is either unconnected or has no load
INFO: [Synth 8-7129] Port BRAM_RdData[24] in module wr_chnl is either unconnected or has no load
INFO: [Synth 8-7129] Port BRAM_RdData[23] in module wr_chnl is either unconnected or has no load
INFO: [Synth 8-7129] Port BRAM_RdData[22] in module wr_chnl is either unconnected or has no load
INFO: [Synth 8-7129] Port BRAM_RdData[21] in module wr_chnl is either unconnected or has no load
INFO: [Synth 8-7129] Port BRAM_RdData[20] in module wr_chnl is either unconnected or has no load
INFO: [Synth 8-7129] Port BRAM_RdData[19] in module wr_chnl is either unconnected or has no load
INFO: [Synth 8-7129] Port BRAM_RdData[18] in module wr_chnl is either unconnected or has no load
INFO: [Synth 8-7129] Port BRAM_RdData[17] in module wr_chnl is either unconnected or has no load
INFO: [Synth 8-7129] Port BRAM_RdData[16] in module wr_chnl is either unconnected or has no load
INFO: [Synth 8-7129] Port BRAM_RdData[15] in module wr_chnl is either unconnected or has no load
INFO: [Synth 8-7129] Port BRAM_RdData[14] in module wr_chnl is either unconnected or has no load
INFO: [Synth 8-7129] Port BRAM_RdData[13] in module wr_chnl is either unconnected or has no load
INFO: [Synth 8-7129] Port BRAM_RdData[12] in module wr_chnl is either unconnected or has no load
INFO: [Synth 8-7129] Port BRAM_RdData[11] in module wr_chnl is either unconnected or has no load
INFO: [Synth 8-7129] Port BRAM_RdData[10] in module wr_chnl is either unconnected or has no load
INFO: [Synth 8-7129] Port BRAM_RdData[9] in module wr_chnl is either unconnected or has no load
INFO: [Synth 8-7129] Port BRAM_RdData[8] in module wr_chnl is either unconnected or has no load
INFO: [Synth 8-7129] Port BRAM_RdData[7] in module wr_chnl is either unconnected or has no load
INFO: [Synth 8-7129] Port BRAM_RdData[6] in module wr_chnl is either unconnected or has no load
INFO: [Synth 8-7129] Port BRAM_RdData[5] in module wr_chnl is either unconnected or has no load
INFO: [Synth 8-7129] Port BRAM_RdData[4] in module wr_chnl is either unconnected or has no load
INFO: [Synth 8-7129] Port BRAM_RdData[3] in module wr_chnl is either unconnected or has no load
INFO: [Synth 8-7129] Port BRAM_RdData[2] in module wr_chnl is either unconnected or has no load
INFO: [Synth 8-7129] Port BRAM_RdData[1] in module wr_chnl is either unconnected or has no load
INFO: [Synth 8-7129] Port BRAM_RdData[0] in module wr_chnl is either unconnected or has no load
INFO: [Synth 8-7129] Port AXI_AWADDR[13] in module sng_port_arb is either unconnected or has no load
INFO: [Synth 8-7129] Port AXI_AWADDR[12] in module sng_port_arb is either unconnected or has no load
INFO: [Synth 8-7129] Port AXI_AWADDR[11] in module sng_port_arb is either unconnected or has no load
INFO: [Common 17-14] Message 'Synth 8-7129' appears 100 times and further instances of the messages will be disabled. Use the Tcl command set_msg_config to change the current settings.
---------------------------------------------------------------------------------
Finished RTL Elaboration : Time (s): cpu = 00:00:06 ; elapsed = 00:00:07 . Memory (MB): peak = 2310.746 ; gain = 589.812 ; free physical = 287 ; free virtual = 5955
---------------------------------------------------------------------------------
---------------------------------------------------------------------------------
Start Handling Custom Attributes
---------------------------------------------------------------------------------
---------------------------------------------------------------------------------
Finished Handling Custom Attributes : Time (s): cpu = 00:00:07 ; elapsed = 00:00:07 . Memory (MB): peak = 2322.621 ; gain = 601.688 ; free physical = 253 ; free virtual = 5921
---------------------------------------------------------------------------------
---------------------------------------------------------------------------------
Finished RTL Optimization Phase 1 : Time (s): cpu = 00:00:07 ; elapsed = 00:00:07 . Memory (MB): peak = 2322.621 ; gain = 601.688 ; free physical = 253 ; free virtual = 5921
---------------------------------------------------------------------------------
Netlist sorting complete. Time (s): cpu = 00:00:00.01 ; elapsed = 00:00:00.01 . Memory (MB): peak = 2325.590 ; gain = 0.000 ; free physical = 296 ; free virtual = 5889
INFO: [Netlist 29-17] Analyzing 9 Unisim elements for replacement
INFO: [Netlist 29-28] Unisim Transformation completed in 0 CPU seconds
INFO: [Project 1-570] Preparing netlist for logic optimization

Processing XDC Constraints
Initializing timing engine
Parsing XDC File [/home/ryanb/Documents/MINA/hw/custom_ip/MINA_proj/MINA_proj.gen/sources_1/bd/design_1/ip/design_1_axi_bram_ctrl_0_1/design_1_axi_bram_ctrl_0_1_ooc.xdc] for cell 'U0'
Finished Parsing XDC File [/home/ryanb/Documents/MINA/hw/custom_ip/MINA_proj/MINA_proj.gen/sources_1/bd/design_1/ip/design_1_axi_bram_ctrl_0_1/design_1_axi_bram_ctrl_0_1_ooc.xdc] for cell 'U0'
Parsing XDC File [/home/ryanb/Documents/MINA/hw/custom_ip/MINA_proj/MINA_proj.runs/design_1_axi_bram_ctrl_0_1_synth_1/dont_touch.xdc]
Finished Parsing XDC File [/home/ryanb/Documents/MINA/hw/custom_ip/MINA_proj/MINA_proj.runs/design_1_axi_bram_ctrl_0_1_synth_1/dont_touch.xdc]
Completed Processing XDC Constraints

Netlist sorting complete. Time (s): cpu = 00:00:00 ; elapsed = 00:00:00 . Memory (MB): peak = 2434.391 ; gain = 0.000 ; free physical = 1381 ; free virtual = 6710
INFO: [Project 1-111] Unisim Transformation Summary:
  A total of 5 instances were transformed.
  FDR => FDRE: 1 instance 
  MUXCY_L => MUXCY: 4 instances

Constraint Validation Runtime : Time (s): cpu = 00:00:00.02 ; elapsed = 00:00:00.02 . Memory (MB): peak = 2434.426 ; gain = 0.000 ; free physical = 1380 ; free virtual = 6708
INFO: [Designutils 20-5008] Incremental synthesis strategy off
---------------------------------------------------------------------------------
Finished Constraint Validation : Time (s): cpu = 00:00:13 ; elapsed = 00:00:14 . Memory (MB): peak = 2434.426 ; gain = 713.492 ; free physical = 520 ; free virtual = 5901
---------------------------------------------------------------------------------
---------------------------------------------------------------------------------
Start Loading Part and Timing Information
---------------------------------------------------------------------------------
Loading part: xc7s50csga324-1
---------------------------------------------------------------------------------
Finished Loading Part and Timing Information : Time (s): cpu = 00:00:13 ; elapsed = 00:00:14 . Memory (MB): peak = 2442.395 ; gain = 721.461 ; free physical = 520 ; free virtual = 5900
---------------------------------------------------------------------------------
---------------------------------------------------------------------------------
Start Applying 'set_property' XDC Constraints
---------------------------------------------------------------------------------
---------------------------------------------------------------------------------
Finished applying 'set_property' XDC Constraints : Time (s): cpu = 00:00:13 ; elapsed = 00:00:14 . Memory (MB): peak = 2442.395 ; gain = 721.461 ; free physical = 520 ; free virtual = 5900
---------------------------------------------------------------------------------
INFO: [Synth 8-802] inferred FSM for state register 'arb_sm_cs_reg' in module 'sng_port_arb'
INFO: [Synth 8-802] inferred FSM for state register 'GEN_WDATA_SM_NO_ECC_SNG_REG_WREADY.wr_data_sng_sm_cs_reg' in module 'wr_chnl'
INFO: [Synth 8-802] inferred FSM for state register 'GEN_NO_RD_CMD_OPT.rd_data_sm_cs_reg' in module 'rd_chnl'
INFO: [Synth 8-802] inferred FSM for state register 'GEN_NO_RD_CMD_OPT.rlast_sm_cs_reg' in module 'rd_chnl'
---------------------------------------------------------------------------------------------------
                   State |                     New Encoding |                Previous Encoding 
---------------------------------------------------------------------------------------------------
                    idle |                               00 |                               00
                 wr_data |                               01 |                               10
                 rd_data |                               10 |                               01
---------------------------------------------------------------------------------------------------
INFO: [Synth 8-3354] encoded FSM with state register 'arb_sm_cs_reg' using encoding 'sequential' in module 'sng_port_arb'
---------------------------------------------------------------------------------------------------
                   State |                     New Encoding |                Previous Encoding 
---------------------------------------------------------------------------------------------------
                    idle |                              001 |                               00
            brst_wr_data |                              010 |                               10
             sng_wr_data |                              100 |                               01
---------------------------------------------------------------------------------------------------
INFO: [Synth 8-3354] encoded FSM with state register 'GEN_WDATA_SM_NO_ECC_SNG_REG_WREADY.wr_data_sng_sm_cs_reg' using encoding 'one-hot' in module 'wr_chnl'
---------------------------------------------------------------------------------------------------
                   State |                     New Encoding |                Previous Encoding 
---------------------------------------------------------------------------------------------------
                    idle |                             0000 |                             0000
                sng_addr |                             0001 |                             0011
                sec_addr |                             0010 |                             0100
               full_pipe |                             0011 |                             0101
           full_throttle |                             0100 |                             0110
               last_addr |                             0101 |                             0111
           last_throttle |                             0110 |                             1000
               last_data |                             0111 |                             1001
       last_data_ar_pend |                             1000 |                             1010
---------------------------------------------------------------------------------------------------
INFO: [Synth 8-3354] encoded FSM with state register 'GEN_NO_RD_CMD_OPT.rd_data_sm_cs_reg' using encoding 'sequential' in module 'rd_chnl'
---------------------------------------------------------------------------------------------------
                   State |                     New Encoding |                Previous Encoding 
---------------------------------------------------------------------------------------------------
                    idle |                              000 |                              000
          w8_throttle_b2 |                              001 |                              101
             w8_throttle |                              010 |                              010
        w8_2nd_last_data |                              011 |                              011
            w8_last_data |                              100 |                              100
---------------------------------------------------------------------------------------------------
INFO: [Synth 8-3354] encoded FSM with state register 'GEN_NO_RD_CMD_OPT.rlast_sm_cs_reg' using encoding 'sequential' in module 'rd_chnl'
---------------------------------------------------------------------------------
Finished RTL Optimization Phase 2 : Time (s): cpu = 00:00:14 ; elapsed = 00:00:15 . Memory (MB): peak = 2442.395 ; gain = 721.461 ; free physical = 525 ; free virtual = 5949
---------------------------------------------------------------------------------
---------------------------------------------------------------------------------
Start RTL Component Statistics 
---------------------------------------------------------------------------------
Detailed RTL Component Info : 
+---Adders : 
	   2 Input   10 Bit       Adders := 1     
	   2 Input    9 Bit       Adders := 2     
	   2 Input    8 Bit       Adders := 1     
	   2 Input    5 Bit       Adders := 8     
	   2 Input    4 Bit       Adders := 12    
	   2 Input    3 Bit       Adders := 1     
	   3 Input    2 Bit       Adders := 2     
	   2 Input    2 Bit       Adders := 4     
+---XORs : 
	   2 Input      1 Bit         XORs := 4     
+---Registers : 
	               32 Bit    Registers := 1     
	               12 Bit    Registers := 1     
	               11 Bit    Registers := 2     
	                8 Bit    Registers := 1     
	                4 Bit    Registers := 1     
	                3 Bit    Registers := 3     
	                2 Bit    Registers := 6     
	                1 Bit    Registers := 111   
+---Muxes : 
	   2 Input   32 Bit        Muxes := 1     
	   2 Input   12 Bit        Muxes := 5     
	   2 Input    8 Bit        Muxes := 2     
	   8 Input    4 Bit        Muxes := 4     
	   9 Input    4 Bit        Muxes := 1     
	   2 Input    4 Bit        Muxes := 10    
	   3 Input    3 Bit        Muxes := 1     
	   2 Input    3 Bit        Muxes := 4     
	   5 Input    3 Bit        Muxes := 1     
	   3 Input    2 Bit        Muxes := 3     
	   2 Input    2 Bit        Muxes := 19    
	   4 Input    2 Bit        Muxes := 2     
	   2 Input    1 Bit        Muxes := 60    
	   3 Input    1 Bit        Muxes := 15    
	   9 Input    1 Bit        Muxes := 19    
	   5 Input    1 Bit        Muxes := 2     
---------------------------------------------------------------------------------
Finished RTL Component Statistics 
---------------------------------------------------------------------------------
---------------------------------------------------------------------------------
Start Part Resource Summary
---------------------------------------------------------------------------------
Part Resources:
DSPs: 120 (col length:60)
BRAMs: 150 (col length: RAMB18 60 RAMB36 30)
---------------------------------------------------------------------------------
Finished Part Resource Summary
---------------------------------------------------------------------------------
---------------------------------------------------------------------------------
Start Cross Boundary and Area Optimization
---------------------------------------------------------------------------------
---------------------------------------------------------------------------------
Finished Cross Boundary and Area Optimization : Time (s): cpu = 00:00:17 ; elapsed = 00:00:18 . Memory (MB): peak = 2442.395 ; gain = 721.461 ; free physical = 271 ; free virtual = 5588
---------------------------------------------------------------------------------
---------------------------------------------------------------------------------
Start Applying XDC Timing Constraints
---------------------------------------------------------------------------------
---------------------------------------------------------------------------------
Finished Applying XDC Timing Constraints : Time (s): cpu = 00:00:21 ; elapsed = 00:00:22 . Memory (MB): peak = 2482.395 ; gain = 761.461 ; free physical = 1781 ; free virtual = 6717
---------------------------------------------------------------------------------
---------------------------------------------------------------------------------
Start Timing Optimization
---------------------------------------------------------------------------------
---------------------------------------------------------------------------------
Finished Timing Optimization : Time (s): cpu = 00:00:22 ; elapsed = 00:00:23 . Memory (MB): peak = 2520.996 ; gain = 800.062 ; free physical = 2680 ; free virtual = 7617
---------------------------------------------------------------------------------
---------------------------------------------------------------------------------
Start Technology Mapping
---------------------------------------------------------------------------------
---------------------------------------------------------------------------------
Finished Technology Mapping : Time (s): cpu = 00:00:22 ; elapsed = 00:00:23 . Memory (MB): peak = 2530.012 ; gain = 809.078 ; free physical = 2570 ; free virtual = 7507
---------------------------------------------------------------------------------
---------------------------------------------------------------------------------
Start IO Insertion
---------------------------------------------------------------------------------
---------------------------------------------------------------------------------
Start Flattening Before IO Insertion
---------------------------------------------------------------------------------
---------------------------------------------------------------------------------
Finished Flattening Before IO Insertion
---------------------------------------------------------------------------------
---------------------------------------------------------------------------------
Start Final Netlist Cleanup
---------------------------------------------------------------------------------
---------------------------------------------------------------------------------
Finished Final Netlist Cleanup
---------------------------------------------------------------------------------
---------------------------------------------------------------------------------
Finished IO Insertion : Time (s): cpu = 00:00:26 ; elapsed = 00:00:27 . Memory (MB): peak = 2695.824 ; gain = 974.891 ; free physical = 1233 ; free virtual = 6170
---------------------------------------------------------------------------------
---------------------------------------------------------------------------------
Start Renaming Generated Instances
---------------------------------------------------------------------------------
---------------------------------------------------------------------------------
Finished Renaming Generated Instances : Time (s): cpu = 00:00:26 ; elapsed = 00:00:27 . Memory (MB): peak = 2695.824 ; gain = 974.891 ; free physical = 1225 ; free virtual = 6162
---------------------------------------------------------------------------------
---------------------------------------------------------------------------------
Start Rebuilding User Hierarchy
---------------------------------------------------------------------------------
---------------------------------------------------------------------------------
Finished Rebuilding User Hierarchy : Time (s): cpu = 00:00:26 ; elapsed = 00:00:27 . Memory (MB): peak = 2695.824 ; gain = 974.891 ; free physical = 1225 ; free virtual = 6162
---------------------------------------------------------------------------------
---------------------------------------------------------------------------------
Start Renaming Generated Ports
---------------------------------------------------------------------------------
---------------------------------------------------------------------------------
Finished Renaming Generated Ports : Time (s): cpu = 00:00:26 ; elapsed = 00:00:27 . Memory (MB): peak = 2695.824 ; gain = 974.891 ; free physical = 1225 ; free virtual = 6162
---------------------------------------------------------------------------------
---------------------------------------------------------------------------------
Start Handling Custom Attributes
---------------------------------------------------------------------------------
---------------------------------------------------------------------------------
Finished Handling Custom Attributes : Time (s): cpu = 00:00:26 ; elapsed = 00:00:27 . Memory (MB): peak = 2695.824 ; gain = 974.891 ; free physical = 1225 ; free virtual = 6162
---------------------------------------------------------------------------------
---------------------------------------------------------------------------------
Start Renaming Generated Nets
---------------------------------------------------------------------------------
---------------------------------------------------------------------------------
Finished Renaming Generated Nets : Time (s): cpu = 00:00:26 ; elapsed = 00:00:27 . Memory (MB): peak = 2695.824 ; gain = 974.891 ; free physical = 1225 ; free virtual = 6162
---------------------------------------------------------------------------------
---------------------------------------------------------------------------------
Start Writing Synthesis Report
---------------------------------------------------------------------------------

Report BlackBoxes: 
+-+--------------+----------+
| |BlackBox name |Instances |
+-+--------------+----------+
+-+--------------+----------+

Report Cell Usage: 
+------+--------+------+
|      |Cell    |Count |
+------+--------+------+
|1     |CARRY4  |     2|
|2     |LUT1    |     3|
|3     |LUT2    |    28|
|4     |LUT3    |    72|
|5     |LUT4    |    36|
|6     |LUT5    |    51|
|7     |LUT6    |   151|
|8     |MUXCY_L |     3|
|9     |MUXF7   |     1|
|10    |SRL16E  |     1|
|11    |XORCY   |     4|
|12    |FDR     |     1|
|13    |FDRE    |   220|
|14    |FDSE    |     1|
+------+--------+------+
---------------------------------------------------------------------------------
Finished Writing Synthesis Report : Time (s): cpu = 00:00:26 ; elapsed = 00:00:27 . Memory (MB): peak = 2695.824 ; gain = 974.891 ; free physical = 1225 ; free virtual = 6162
---------------------------------------------------------------------------------
Synthesis finished with 0 errors, 0 critical warnings and 0 warnings.
Synthesis Optimization Runtime : Time (s): cpu = 00:00:24 ; elapsed = 00:00:26 . Memory (MB): peak = 2695.824 ; gain = 863.086 ; free physical = 1229 ; free virtual = 6166
Synthesis Optimization Complete : Time (s): cpu = 00:00:26 ; elapsed = 00:00:27 . Memory (MB): peak = 2695.832 ; gain = 974.891 ; free physical = 1229 ; free virtual = 6166
INFO: [Project 1-571] Translating synthesized netlist
Netlist sorting complete. Time (s): cpu = 00:00:00.02 ; elapsed = 00:00:00.01 . Memory (MB): peak = 2695.832 ; gain = 0.000 ; free physical = 1221 ; free virtual = 6159
INFO: [Netlist 29-17] Analyzing 11 Unisim elements for replacement
INFO: [Netlist 29-28] Unisim Transformation completed in 0 CPU seconds
INFO: [Project 1-570] Preparing netlist for logic optimization
INFO: [Opt 31-138] Pushed 0 inverter(s) to 0 load pin(s).
Netlist sorting complete. Time (s): cpu = 00:00:00 ; elapsed = 00:00:00 . Memory (MB): peak = 2751.852 ; gain = 0.000 ; free physical = 1238 ; free virtual = 6211
INFO: [Project 1-111] Unisim Transformation Summary:
  A total of 2 instances were transformed.
  (MUXCY,XORCY) => CARRY4: 1 instance 
  FDR => FDRE: 1 instance 

Synth Design complete | Checksum: b0075af9
INFO: [Common 17-83] Releasing license: Synthesis
184 Infos, 2 Warnings, 0 Critical Warnings and 0 Errors encountered.
synth_design completed successfully
synth_design: Time (s): cpu = 00:00:32 ; elapsed = 00:00:30 . Memory (MB): peak = 2751.887 ; gain = 1145.219 ; free physical = 2692 ; free virtual = 7635
INFO: [Common 17-2834] synth_design peak Physical Memory [PSS] (MB): overall = 1620.343; main = 1620.343; forked = 197.188
INFO: [Common 17-2834] synth_design peak Virtual Memory [VSS] (MB): overall = 3432.395; main = 2751.855; forked = 989.996
Write ShapeDB Complete: Time (s): cpu = 00:00:00 ; elapsed = 00:00:00 . Memory (MB): peak = 2775.863 ; gain = 0.000 ; free physical = 2682 ; free virtual = 7624
INFO: [Common 17-1381] The checkpoint '/home/ryanb/Documents/MINA/hw/custom_ip/MINA_proj/MINA_proj.runs/design_1_axi_bram_ctrl_0_1_synth_1/design_1_axi_bram_ctrl_0_1.dcp' has been generated.
INFO: [Coretcl 2-1648] Added synthesis output to IP cache for IP design_1_axi_bram_ctrl_0_1, cache-ID = d15ed74b5167614c
INFO: [Coretcl 2-1174] Renamed 11 cell refs.
Write ShapeDB Complete: Time (s): cpu = 00:00:00 ; elapsed = 00:00:00 . Memory (MB): peak = 2775.863 ; gain = 0.000 ; free physical = 2607 ; free virtual = 7550
INFO: [Common 17-1381] The checkpoint '/home/ryanb/Documents/MINA/hw/custom_ip/MINA_proj/MINA_proj.runs/design_1_axi_bram_ctrl_0_1_synth_1/design_1_axi_bram_ctrl_0_1.dcp' has been generated.
INFO: [Vivado 12-24828] Executing command : report_utilization -file design_1_axi_bram_ctrl_0_1_utilization_synth.rpt -pb design_1_axi_bram_ctrl_0_1_utilization_synth.pb
INFO: [Common 17-206] Exiting Vivado at Sun Sep  6 16:33:39 2026...
