Time resolution is 1 ps
Note: ============================================================
Time: 0 ps  Iteration: 0  Process: /tb_design_1_wrapper/stimulus  File: /home/ryanb/Documents/MINA/hw/custom_ip/MINA_proj/MINA_proj.srcs/ram_block_tb/new/tb_design_1_wrapper.vhd
Note: MINA DATA RAM CPU TEST
Time: 0 ps  Iteration: 0  Process: /tb_design_1_wrapper/stimulus  File: /home/ryanb/Documents/MINA/hw/custom_ip/MINA_proj/MINA_proj.srcs/ram_block_tb/new/tb_design_1_wrapper.vhd
Note: ============================================================
Time: 0 ps  Iteration: 0  Process: /tb_design_1_wrapper/stimulus  File: /home/ryanb/Documents/MINA/hw/custom_ip/MINA_proj/MINA_proj.srcs/ram_block_tb/new/tb_design_1_wrapper.vhd
Note: System reset released
Time: 200 ns  Iteration: 0  Process: /tb_design_1_wrapper/stimulus  File: /home/ryanb/Documents/MINA/hw/custom_ip/MINA_proj/MINA_proj.srcs/ram_block_tb/new/tb_design_1_wrapper.vhd
Note: CPU remains held in reset / bootloader mode
Time: 200 ns  Iteration: 0  Process: /tb_design_1_wrapper/stimulus  File: /home/ryanb/Documents/MINA/hw/custom_ip/MINA_proj/MINA_proj.srcs/ram_block_tb/new/tb_design_1_wrapper.vhd
Note: WRITE #1
Time: 2200 ns  Iteration: 0  Process: /tb_design_1_wrapper/stimulus  File: /home/ryanb/Documents/MINA/hw/custom_ip/MINA_proj/MINA_proj.srcs/ram_block_tb/new/tb_design_1_wrapper.vhd
Note: 0x00000000 <= 0x100000B7
Time: 2200 ns  Iteration: 0  Process: /tb_design_1_wrapper/stimulus  File: /home/ryanb/Documents/MINA/hw/custom_ip/MINA_proj/MINA_proj.srcs/ram_block_tb/new/tb_design_1_wrapper.vhd
Note: lui x1, 0x10000
Time: 2200 ns  Iteration: 0  Process: /tb_design_1_wrapper/stimulus  File: /home/ryanb/Documents/MINA/hw/custom_ip/MINA_proj/MINA_proj.srcs/ram_block_tb/new/tb_design_1_wrapper.vhd
Note: WRITE #1: ACK received
Time: 1043866720 ps  Iteration: 0
Note: WRITE #2
Time: 1043866720 ps  Iteration: 0  Process: /tb_design_1_wrapper/stimulus  File: /home/ryanb/Documents/MINA/hw/custom_ip/MINA_proj/MINA_proj.srcs/ram_block_tb/new/tb_design_1_wrapper.vhd
Note: 0x00000004 <= 0x02A00113
Time: 1043866720 ps  Iteration: 0  Process: /tb_design_1_wrapper/stimulus  File: /home/ryanb/Documents/MINA/hw/custom_ip/MINA_proj/MINA_proj.srcs/ram_block_tb/new/tb_design_1_wrapper.vhd
Note: addi x2, x0, 42
Time: 1043866720 ps  Iteration: 0  Process: /tb_design_1_wrapper/stimulus  File: /home/ryanb/Documents/MINA/hw/custom_ip/MINA_proj/MINA_proj.srcs/ram_block_tb/new/tb_design_1_wrapper.vhd
Note: WRITE #2: ACK received
Time: 2085533440 ps  Iteration: 0
Note: WRITE #3
Time: 2085533440 ps  Iteration: 0  Process: /tb_design_1_wrapper/stimulus  File: /home/ryanb/Documents/MINA/hw/custom_ip/MINA_proj/MINA_proj.srcs/ram_block_tb/new/tb_design_1_wrapper.vhd
Note: 0x00000008 <= 0x0020A023
Time: 2085533440 ps  Iteration: 0  Process: /tb_design_1_wrapper/stimulus  File: /home/ryanb/Documents/MINA/hw/custom_ip/MINA_proj/MINA_proj.srcs/ram_block_tb/new/tb_design_1_wrapper.vhd
Note: sw x2, 0(x1)
Time: 2085533440 ps  Iteration: 0  Process: /tb_design_1_wrapper/stimulus  File: /home/ryanb/Documents/MINA/hw/custom_ip/MINA_proj/MINA_proj.srcs/ram_block_tb/new/tb_design_1_wrapper.vhd
Note: WRITE #3: ACK received
Time: 3127200160 ps  Iteration: 0
Note: WRITE #4
Time: 3127200160 ps  Iteration: 0  Process: /tb_design_1_wrapper/stimulus  File: /home/ryanb/Documents/MINA/hw/custom_ip/MINA_proj/MINA_proj.srcs/ram_block_tb/new/tb_design_1_wrapper.vhd
Note: 0x0000000C <= 0x0000A183
Time: 3127200160 ps  Iteration: 0  Process: /tb_design_1_wrapper/stimulus  File: /home/ryanb/Documents/MINA/hw/custom_ip/MINA_proj/MINA_proj.srcs/ram_block_tb/new/tb_design_1_wrapper.vhd
Note: lw x3, 0(x1)
Time: 3127200160 ps  Iteration: 0  Process: /tb_design_1_wrapper/stimulus  File: /home/ryanb/Documents/MINA/hw/custom_ip/MINA_proj/MINA_proj.srcs/ram_block_tb/new/tb_design_1_wrapper.vhd
Note: WRITE #4: ACK received
Time: 4168866880 ps  Iteration: 0
Note: WRITE #5
Time: 4168866880 ps  Iteration: 0  Process: /tb_design_1_wrapper/stimulus  File: /home/ryanb/Documents/MINA/hw/custom_ip/MINA_proj/MINA_proj.srcs/ram_block_tb/new/tb_design_1_wrapper.vhd
Note: 0x00000010 <= 0x00118193
Time: 4168866880 ps  Iteration: 0  Process: /tb_design_1_wrapper/stimulus  File: /home/ryanb/Documents/MINA/hw/custom_ip/MINA_proj/MINA_proj.srcs/ram_block_tb/new/tb_design_1_wrapper.vhd
Note: addi x3, x3, 1
Time: 4168866880 ps  Iteration: 0  Process: /tb_design_1_wrapper/stimulus  File: /home/ryanb/Documents/MINA/hw/custom_ip/MINA_proj/MINA_proj.srcs/ram_block_tb/new/tb_design_1_wrapper.vhd
Note: WRITE #5: ACK received
Time: 5210533600 ps  Iteration: 0
Note: WRITE #6
Time: 5210533600 ps  Iteration: 0  Process: /tb_design_1_wrapper/stimulus  File: /home/ryanb/Documents/MINA/hw/custom_ip/MINA_proj/MINA_proj.srcs/ram_block_tb/new/tb_design_1_wrapper.vhd
Note: 0x00000014 <= 0x0030A223
Time: 5210533600 ps  Iteration: 0  Process: /tb_design_1_wrapper/stimulus  File: /home/ryanb/Documents/MINA/hw/custom_ip/MINA_proj/MINA_proj.srcs/ram_block_tb/new/tb_design_1_wrapper.vhd
Note: sw x3, 4(x1)
Time: 5210533600 ps  Iteration: 0  Process: /tb_design_1_wrapper/stimulus  File: /home/ryanb/Documents/MINA/hw/custom_ip/MINA_proj/MINA_proj.srcs/ram_block_tb/new/tb_design_1_wrapper.vhd
Note: WRITE #6: ACK received
Time: 6252200320 ps  Iteration: 0
Note: WRITE #7
Time: 6252200320 ps  Iteration: 0  Process: /tb_design_1_wrapper/stimulus  File: /home/ryanb/Documents/MINA/hw/custom_ip/MINA_proj/MINA_proj.srcs/ram_block_tb/new/tb_design_1_wrapper.vhd
Note: 0x00000018 <= 0x0000006F
Time: 6252200320 ps  Iteration: 0  Process: /tb_design_1_wrapper/stimulus  File: /home/ryanb/Documents/MINA/hw/custom_ip/MINA_proj/MINA_proj.srcs/ram_block_tb/new/tb_design_1_wrapper.vhd
Note: jal x0, 0
Time: 6252200320 ps  Iteration: 0  Process: /tb_design_1_wrapper/stimulus  File: /home/ryanb/Documents/MINA/hw/custom_ip/MINA_proj/MINA_proj.srcs/ram_block_tb/new/tb_design_1_wrapper.vhd
Note: WRITE #7: ACK received
Time: 7293867040 ps  Iteration: 0
Note: ============================================================
Time: 7293867040 ps  Iteration: 0  Process: /tb_design_1_wrapper/stimulus  File: /home/ryanb/Documents/MINA/hw/custom_ip/MINA_proj/MINA_proj.srcs/ram_block_tb/new/tb_design_1_wrapper.vhd
Note: BOOTLOADER PROGRAM LOAD COMPLETE
Time: 7293867040 ps  Iteration: 0  Process: /tb_design_1_wrapper/stimulus  File: /home/ryanb/Documents/MINA/hw/custom_ip/MINA_proj/MINA_proj.srcs/ram_block_tb/new/tb_design_1_wrapper.vhd
Note: All 7 packets acknowledged
Time: 7293867040 ps  Iteration: 0  Process: /tb_design_1_wrapper/stimulus  File: /home/ryanb/Documents/MINA/hw/custom_ip/MINA_proj/MINA_proj.srcs/ram_block_tb/new/tb_design_1_wrapper.vhd
Note: ============================================================
Time: 7293867040 ps  Iteration: 0  Process: /tb_design_1_wrapper/stimulus  File: /home/ryanb/Documents/MINA/hw/custom_ip/MINA_proj/MINA_proj.srcs/ram_block_tb/new/tb_design_1_wrapper.vhd
Note: Releasing CPU reset
Time: 7295867040 ps  Iteration: 0  Process: /tb_design_1_wrapper/stimulus  File: /home/ryanb/Documents/MINA/hw/custom_ip/MINA_proj/MINA_proj.srcs/ram_block_tb/new/tb_design_1_wrapper.vhd
Note: ============================================================
Time: 7315867040 ps  Iteration: 0  Process: /tb_design_1_wrapper/stimulus  File: /home/ryanb/Documents/MINA/hw/custom_ip/MINA_proj/MINA_proj.srcs/ram_block_tb/new/tb_design_1_wrapper.vhd
Note: CPU EXECUTION WINDOW COMPLETE
Time: 7315867040 ps  Iteration: 0  Process: /tb_design_1_wrapper/stimulus  File: /home/ryanb/Documents/MINA/hw/custom_ip/MINA_proj/MINA_proj.srcs/ram_block_tb/new/tb_design_1_wrapper.vhd
Note: Expected register values:
Time: 7315867040 ps  Iteration: 0  Process: /tb_design_1_wrapper/stimulus  File: /home/ryanb/Documents/MINA/hw/custom_ip/MINA_proj/MINA_proj.srcs/ram_block_tb/new/tb_design_1_wrapper.vhd
Note:   x1 = 0x10000000
Time: 7315867040 ps  Iteration: 0  Process: /tb_design_1_wrapper/stimulus  File: /home/ryanb/Documents/MINA/hw/custom_ip/MINA_proj/MINA_proj.srcs/ram_block_tb/new/tb_design_1_wrapper.vhd
Note:   x2 = 0x0000002A
Time: 7315867040 ps  Iteration: 0  Process: /tb_design_1_wrapper/stimulus  File: /home/ryanb/Documents/MINA/hw/custom_ip/MINA_proj/MINA_proj.srcs/ram_block_tb/new/tb_design_1_wrapper.vhd
Note:   x3 = 0x0000002B
Time: 7315867040 ps  Iteration: 0  Process: /tb_design_1_wrapper/stimulus  File: /home/ryanb/Documents/MINA/hw/custom_ip/MINA_proj/MINA_proj.srcs/ram_block_tb/new/tb_design_1_wrapper.vhd
Note: Expected DATA RAM values:
Time: 7315867040 ps  Iteration: 0  Process: /tb_design_1_wrapper/stimulus  File: /home/ryanb/Documents/MINA/hw/custom_ip/MINA_proj/MINA_proj.srcs/ram_block_tb/new/tb_design_1_wrapper.vhd
Note:   0x10000000 = 0x0000002A
Time: 7315867040 ps  Iteration: 0  Process: /tb_design_1_wrapper/stimulus  File: /home/ryanb/Documents/MINA/hw/custom_ip/MINA_proj/MINA_proj.srcs/ram_block_tb/new/tb_design_1_wrapper.vhd
Note:   0x10000004 = 0x0000002B
Time: 7315867040 ps  Iteration: 0  Process: /tb_design_1_wrapper/stimulus  File: /home/ryanb/Documents/MINA/hw/custom_ip/MINA_proj/MINA_proj.srcs/ram_block_tb/new/tb_design_1_wrapper.vhd
Note: ============================================================
Time: 7315867040 ps  Iteration: 0  Process: /tb_design_1_wrapper/stimulus  File: /home/ryanb/Documents/MINA/hw/custom_ip/MINA_proj/MINA_proj.srcs/ram_block_tb/new/tb_design_1_wrapper.vhd
Failure: DATA RAM CPU TEST COMPLETE
Time: 7320867040 ps  Iteration: 0  Process: /tb_design_1_wrapper/stimulus  File: /home/ryanb/Documents/MINA/hw/custom_ip/MINA_proj/MINA_proj.srcs/ram_block_tb/new/tb_design_1_wrapper.vhd
$finish called at time : 7320867040 ps : File "/home/ryanb/Documents/MINA/hw/custom_ip/MINA_proj/MINA_proj.srcs/ram_block_tb/new/tb_design_1_wrapper.vhd" Line 773
