
Merging object attributes


There are no discarded input sections

Memory Configuration

Name             Origin             Length             Attributes
SHARED_RAM       0x00000000         0x00004000         xr
CPU_RAM          0x10000000         0x00010000         xrw
*default*        0x00000000         0xffffffff

Linker script and memory map

LOAD /tmp/mina_build_JWRALw//home/ryanb/Documents/MINA/test_files/isr_driven_uart/uart_echo.o
LOAD /tmp/mina_build_JWRALw/.//drivers/src/irq.o
LOAD /tmp/mina_build_JWRALw/.//drivers/src/ring_buff.o
LOAD /tmp/mina_build_JWRALw/.//drivers/src/uart.o
LOAD /tmp/mina_build_JWRALw/.//crt0.o
LOAD /opt/riscv/lib/gcc/riscv64-unknown-elf/16.1.0/libgcc.a
START GROUP
LOAD /opt/riscv/lib/gcc/riscv64-unknown-elf/16.1.0/../../../../riscv64-unknown-elf/lib/libc.a
LOAD /opt/riscv/lib/gcc/riscv64-unknown-elf/16.1.0/../../../../riscv64-unknown-elf/lib/libgloss.a
END GROUP
LOAD /opt/riscv/lib/gcc/riscv64-unknown-elf/16.1.0/libgcc.a

.text           0x00000000      0x556
 *(.text.init)
 .text.init     0x00000000       0x5e /tmp/mina_build_JWRALw/.//crt0.o
                0x00000000                _start
 *(.text .text.*)
 .text          0x0000005e        0x0 /tmp/mina_build_JWRALw//home/ryanb/Documents/MINA/test_files/isr_driven_uart/uart_echo.o
 .text.startup  0x0000005e       0x3c /tmp/mina_build_JWRALw//home/ryanb/Documents/MINA/test_files/isr_driven_uart/uart_echo.o
                0x0000005e                main
 *fill*         0x0000009a        0x2 
 .text          0x0000009c      0x304 /tmp/mina_build_JWRALw/.//drivers/src/irq.o
                0x0000009c                init_interrupts
                0x000000b4                plic_irq_handler
                0x00000138                trap_handler
                0x00000192                resort_by_prior
                0x00000372                reg_irq_handler
 .text          0x000003a0       0x64 /tmp/mina_build_JWRALw/.//drivers/src/ring_buff.o
                0x000003a0                init_ring_buffer
                0x000003aa                reset_ring_buffer
                0x000003b4                insert_rb
                0x000003da                pop_rb
 .text          0x00000404      0x152 /tmp/mina_build_JWRALw/.//drivers/src/uart.o
                0x00000404                uart_isr
                0x0000047c                uart_init
                0x000004ae                uart_putc
                0x00000516                uart_getc
                0x00000536                uart_puts
 .text          0x00000556        0x0 /tmp/mina_build_JWRALw/.//crt0.o

.rodata         0x00000558       0x48
 *(.rodata .rodata.*)
 .rodata.str1.4
                0x00000558       0x42 /tmp/mina_build_JWRALw//home/ryanb/Documents/MINA/test_files/isr_driven_uart/uart_echo.o
                0x000005a0                        . = ALIGN (0x8)
 *fill*         0x0000059a        0x6 

.rela.dyn       0x000005a0        0x0
 .rela.text.init
                0x000005a0        0x0 /tmp/mina_build_JWRALw//home/ryanb/Documents/MINA/test_files/isr_driven_uart/uart_echo.o

.data           0x10000000       0x40 load address 0x000005a0
                0x10000000                        . = ALIGN (0x8)
                0x10000000                        _sdata = .
 *(.data .data.*)
 .data          0x10000000        0x0 /tmp/mina_build_JWRALw//home/ryanb/Documents/MINA/test_files/isr_driven_uart/uart_echo.o
 .data          0x10000000       0x40 /tmp/mina_build_JWRALw/.//drivers/src/irq.o
                0x10000000                plic_idx_sort
                0x10000020                plic_irq_priorities
 .data          0x10000040        0x0 /tmp/mina_build_JWRALw/.//drivers/src/ring_buff.o
 .data          0x10000040        0x0 /tmp/mina_build_JWRALw/.//drivers/src/uart.o
 .data          0x10000040        0x0 /tmp/mina_build_JWRALw/.//crt0.o
                0x10000840                        PROVIDE (__global_pointer$ = (. + 0x800))
 *(.sdata .sdata.*)
                0x10000040                        . = ALIGN (0x8)
                0x10000040                        _edata = .
                0x000005a0                        _data_load_start = LOADADDR (.data)

.bss            0x10000040      0x228 load address 0x000005e0
                0x10000040                        . = ALIGN (0x8)
                0x10000040                        _sbss = .
 *(.sbss .sbss.*)
 *(.bss .bss.*)
 .bss           0x10000040        0x0 /tmp/mina_build_JWRALw//home/ryanb/Documents/MINA/test_files/isr_driven_uart/uart_echo.o
 .bss           0x10000040       0x20 /tmp/mina_build_JWRALw/.//drivers/src/irq.o
                0x10000040                plic_irq_handlers
 .bss           0x10000060        0x0 /tmp/mina_build_JWRALw/.//drivers/src/ring_buff.o
 .bss           0x10000060      0x206 /tmp/mina_build_JWRALw/.//drivers/src/uart.o
                0x10000060                rx_buffer
                0x10000164                tx_buffer
 .bss           0x10000266        0x0 /tmp/mina_build_JWRALw/.//crt0.o
                0x10000268                        . = ALIGN (0x8)
 *fill*         0x10000266        0x2 
                0x10000268                        _ebss = .
                0x10010000                        PROVIDE (_stack_top = (ORIGIN (CPU_RAM) + LENGTH (CPU_RAM)))
OUTPUT(/tmp/mina_build_JWRALw/firmware.elf elf32-littleriscv)

.debug_info     0x00000000      0xbac
 .debug_info    0x00000000      0x18b /tmp/mina_build_JWRALw//home/ryanb/Documents/MINA/test_files/isr_driven_uart/uart_echo.o
 .debug_info    0x0000018b      0x511 /tmp/mina_build_JWRALw/.//drivers/src/irq.o
 .debug_info    0x0000069c      0x1b4 /tmp/mina_build_JWRALw/.//drivers/src/ring_buff.o
 .debug_info    0x00000850      0x338 /tmp/mina_build_JWRALw/.//drivers/src/uart.o
 .debug_info    0x00000b88       0x24 /tmp/mina_build_JWRALw/.//crt0.o

.debug_abbrev   0x00000000      0x5a0
 .debug_abbrev  0x00000000      0x113 /tmp/mina_build_JWRALw//home/ryanb/Documents/MINA/test_files/isr_driven_uart/uart_echo.o
 .debug_abbrev  0x00000113      0x17e /tmp/mina_build_JWRALw/.//drivers/src/irq.o
 .debug_abbrev  0x00000291      0x138 /tmp/mina_build_JWRALw/.//drivers/src/ring_buff.o
 .debug_abbrev  0x000003c9      0x1c3 /tmp/mina_build_JWRALw/.//drivers/src/uart.o
 .debug_abbrev  0x0000058c       0x14 /tmp/mina_build_JWRALw/.//crt0.o

.debug_loclists
                0x00000000      0x328
 .debug_loclists
                0x00000000       0x17 /tmp/mina_build_JWRALw//home/ryanb/Documents/MINA/test_files/isr_driven_uart/uart_echo.o
 .debug_loclists
                0x00000017      0x24e /tmp/mina_build_JWRALw/.//drivers/src/irq.o
 .debug_loclists
                0x00000265       0x60 /tmp/mina_build_JWRALw/.//drivers/src/ring_buff.o
 .debug_loclists
                0x000002c5       0x63 /tmp/mina_build_JWRALw/.//drivers/src/uart.o

.debug_aranges  0x00000000       0xa0
 .debug_aranges
                0x00000000       0x20 /tmp/mina_build_JWRALw//home/ryanb/Documents/MINA/test_files/isr_driven_uart/uart_echo.o
 .debug_aranges
                0x00000020       0x20 /tmp/mina_build_JWRALw/.//drivers/src/irq.o
 .debug_aranges
                0x00000040       0x20 /tmp/mina_build_JWRALw/.//drivers/src/ring_buff.o
 .debug_aranges
                0x00000060       0x20 /tmp/mina_build_JWRALw/.//drivers/src/uart.o
 .debug_aranges
                0x00000080       0x20 /tmp/mina_build_JWRALw/.//crt0.o

.debug_rnglists
                0x00000000       0x62
 .debug_rnglists
                0x00000000       0x13 /tmp/mina_build_JWRALw//home/ryanb/Documents/MINA/test_files/isr_driven_uart/uart_echo.o
 .debug_rnglists
                0x00000013       0x4f /tmp/mina_build_JWRALw/.//drivers/src/irq.o

.debug_line     0x00000000      0xd48
 .debug_line    0x00000000       0xec /tmp/mina_build_JWRALw//home/ryanb/Documents/MINA/test_files/isr_driven_uart/uart_echo.o
 .debug_line    0x000000ec      0x78b /tmp/mina_build_JWRALw/.//drivers/src/irq.o
 .debug_line    0x00000877      0x14b /tmp/mina_build_JWRALw/.//drivers/src/ring_buff.o
 .debug_line    0x000009c2      0x2d0 /tmp/mina_build_JWRALw/.//drivers/src/uart.o
 .debug_line    0x00000c92       0xb6 /tmp/mina_build_JWRALw/.//crt0.o

.debug_str      0x00000000      0x290
 .debug_str     0x00000000      0x290 /tmp/mina_build_JWRALw//home/ryanb/Documents/MINA/test_files/isr_driven_uart/uart_echo.o
                                0x16b (size before relaxing)
 .debug_str     0x00000290        0x0 /tmp/mina_build_JWRALw/.//drivers/src/irq.o
                                0x1fa (size before relaxing)
 .debug_str     0x00000290        0x0 /tmp/mina_build_JWRALw/.//drivers/src/ring_buff.o
                                0x171 (size before relaxing)
 .debug_str     0x00000290        0x0 /tmp/mina_build_JWRALw/.//drivers/src/uart.o
                                0x1d5 (size before relaxing)
 .debug_str     0x00000290        0x0 /tmp/mina_build_JWRALw/.//crt0.o
                                 0x21 (size before relaxing)

.debug_line_str
                0x00000000      0x1cb
 .debug_line_str
                0x00000000      0x1cb /tmp/mina_build_JWRALw//home/ryanb/Documents/MINA/test_files/isr_driven_uart/uart_echo.o
                                0x164 (size before relaxing)
 .debug_line_str
                0x000001cb        0x0 /tmp/mina_build_JWRALw/.//drivers/src/irq.o
                                 0xc4 (size before relaxing)
 .debug_line_str
                0x000001cb        0x0 /tmp/mina_build_JWRALw/.//drivers/src/ring_buff.o
                                 0xd6 (size before relaxing)
 .debug_line_str
                0x000001cb        0x0 /tmp/mina_build_JWRALw/.//drivers/src/uart.o
                                 0xd2 (size before relaxing)
 .debug_line_str
                0x000001cb        0x0 /tmp/mina_build_JWRALw/.//crt0.o
                                 0x15 (size before relaxing)

.comment        0x00000000       0x19
 .comment       0x00000000       0x19 /tmp/mina_build_JWRALw//home/ryanb/Documents/MINA/test_files/isr_driven_uart/uart_echo.o
                                 0x1a (size before relaxing)
 .comment       0x00000019        0x0 /tmp/mina_build_JWRALw/.//drivers/src/irq.o
                                 0x1a (size before relaxing)
 .comment       0x00000019        0x0 /tmp/mina_build_JWRALw/.//drivers/src/ring_buff.o
                                 0x1a (size before relaxing)
 .comment       0x00000019        0x0 /tmp/mina_build_JWRALw/.//drivers/src/uart.o
                                 0x1a (size before relaxing)

.note.GNU-stack
                0x00000000        0x0
 .note.GNU-stack
                0x00000000        0x0 /tmp/mina_build_JWRALw//home/ryanb/Documents/MINA/test_files/isr_driven_uart/uart_echo.o
 .note.GNU-stack
                0x00000000        0x0 /tmp/mina_build_JWRALw/.//drivers/src/irq.o
 .note.GNU-stack
                0x00000000        0x0 /tmp/mina_build_JWRALw/.//drivers/src/ring_buff.o
 .note.GNU-stack
                0x00000000        0x0 /tmp/mina_build_JWRALw/.//drivers/src/uart.o

.riscv.attributes
                0x00000000       0x5b
 .riscv.attributes
                0x00000000       0x57 /tmp/mina_build_JWRALw//home/ryanb/Documents/MINA/test_files/isr_driven_uart/uart_echo.o
 .riscv.attributes
                0x00000057       0x5b /tmp/mina_build_JWRALw/.//drivers/src/irq.o
 .riscv.attributes
                0x000000b2       0x57 /tmp/mina_build_JWRALw/.//drivers/src/ring_buff.o
 .riscv.attributes
                0x00000109       0x57 /tmp/mina_build_JWRALw/.//drivers/src/uart.o
 .riscv.attributes
                0x00000160       0x59 /tmp/mina_build_JWRALw/.//crt0.o

.debug_frame    0x00000000      0x224
 .debug_frame   0x00000000       0x28 /tmp/mina_build_JWRALw//home/ryanb/Documents/MINA/test_files/isr_driven_uart/uart_echo.o
 .debug_frame   0x00000028       0xfc /tmp/mina_build_JWRALw/.//drivers/src/irq.o
 .debug_frame   0x00000124       0x50 /tmp/mina_build_JWRALw/.//drivers/src/ring_buff.o
 .debug_frame   0x00000174       0xb0 /tmp/mina_build_JWRALw/.//drivers/src/uart.o
